---
http_interactions:
- request:
    method: put
    uri: http://backend:5352/source/home:foo_admin/_meta?user=foo_admin
    body:
      encoding: UTF-8
      string: |
        <project name="home:foo_admin">
          <title/>
          <description/>
          <person userid="foo_admin" role="maintainer"/>
        </project>
    headers:
      Accept-Encoding:
      - gzip;q=1.0,deflate;q=0.6,identity;q=0.3
      Accept:
      - "*/*"
      User-Agent:
      - Ruby
  response:
    status:
      code: 200
      message: OK
    headers:
      Content-Type:
      - text/xml
      Cache-Control:
      - no-cache
      Connection:
      - close
      Content-Length:
      - '140'
    body:
      encoding: UTF-8
      string: |
        <project name="home:foo_admin">
          <title></title>
          <description></description>
          <person userid="foo_admin" role="maintainer"/>
        </project>
  recorded_at: Fri, 23 Apr 2021 15:31:09 GMT
- request:
    method: put
    uri: http://backend:5352/source/home:tom/_meta?user=tom
    body:
      encoding: UTF-8
      string: |
        <project name="home:tom">
          <title/>
          <description/>
          <person userid="tom" role="maintainer"/>
        </project>
    headers:
      Accept-Encoding:
      - gzip;q=1.0,deflate;q=0.6,identity;q=0.3
      Accept:
      - "*/*"
      User-Agent:
      - Ruby
  response:
    status:
      code: 200
      message: OK
    headers:
      Content-Type:
      - text/xml
      Cache-Control:
      - no-cache
      Connection:
      - close
      Content-Length:
      - '128'
    body:
      encoding: UTF-8
      string: |
        <project name="home:tom">
          <title></title>
          <description></description>
          <person userid="tom" role="maintainer"/>
        </project>
  recorded_at: Fri, 23 Apr 2021 15:31:09 GMT
- request:
    method: put
    uri: http://backend:5352/source/home:tom/apache2/_meta?user=user_53
    body:
      encoding: UTF-8
      string: |
        <package name="apache2" project="home:tom">
          <title>Tender Is the Night</title>
          <description>Repudiandae quia repellendus omnis.</description>
        </package>
    headers:
      Accept-Encoding:
      - gzip;q=1.0,deflate;q=0.6,identity;q=0.3
      Accept:
      - "*/*"
      User-Agent:
      - Ruby
  response:
    status:
      code: 200
      message: OK
    headers:
      Content-Type:
      - text/xml
      Cache-Control:
      - no-cache
      Connection:
      - close
      Content-Length:
      - '157'
    body:
      encoding: UTF-8
      string: |
        <package name="apache2" project="home:tom">
          <title>Tender Is the Night</title>
          <description>Repudiandae quia repellendus omnis.</description>
        </package>
  recorded_at: Fri, 23 Apr 2021 15:31:09 GMT
- request:
    method: put
    uri: http://backend:5352/source/home:tom/apache2/_service
    body:
      encoding: UTF-8
      string: "<services/>"
    headers:
      Accept-Encoding:
      - gzip;q=1.0,deflate;q=0.6,identity;q=0.3
      Accept:
      - "*/*"
      User-Agent:
      - Ruby
  response:
    status:
      code: 200
      message: OK
    headers:
      Content-Type:
      - text/xml
      Cache-Control:
      - no-cache
      Connection:
      - close
      Content-Length:
      - '211'
    body:
      encoding: UTF-8
      string: |
        <revision rev="109" vrev="109">
          <srcmd5>dbc13ae88553cf58a4c1a69d61339a5d</srcmd5>
          <version>unknown</version>
          <time>1619191870</time>
          <user>unknown</user>
          <comment></comment>
          <requestid/>
        </revision>
  recorded_at: Fri, 23 Apr 2021 15:31:10 GMT
- request:
    method: put
    uri: http://backend:5352/source/project_16/_meta?user=user_54
    body:
      encoding: UTF-8
      string: |
        <project name="project_16">
          <title>This Side of Paradise</title>
          <description/>
        </project>
    headers:
      Accept-Encoding:
      - gzip;q=1.0,deflate;q=0.6,identity;q=0.3
      Accept:
      - "*/*"
      User-Agent:
      - Ruby
  response:
    status:
      code: 200
      message: OK
    headers:
      Content-Type:
      - text/xml
      Cache-Control:
      - no-cache
      Connection:
      - close
      Content-Length:
      - '108'
    body:
      encoding: UTF-8
      string: |
        <project name="project_16">
          <title>This Side of Paradise</title>
          <description></description>
        </project>
  recorded_at: Fri, 23 Apr 2021 15:31:11 GMT
- request:
    method: put
    uri: http://backend:5352/source/project_16/package_16/_meta?user=user_55
    body:
      encoding: UTF-8
      string: |
        <package name="package_16" project="project_16">
          <title>An Evil Cradling</title>
          <description>Dolorem qui necessitatibus ducimus.</description>
        </package>
    headers:
      Accept-Encoding:
      - gzip;q=1.0,deflate;q=0.6,identity;q=0.3
      Accept:
      - "*/*"
      User-Agent:
      - Ruby
  response:
    status:
      code: 200
      message: OK
    headers:
      Content-Type:
      - text/xml
      Cache-Control:
      - no-cache
      Connection:
      - close
      Content-Length:
      - '159'
    body:
      encoding: UTF-8
      string: |
        <package name="package_16" project="project_16">
          <title>An Evil Cradling</title>
          <description>Dolorem qui necessitatibus ducimus.</description>
        </package>
  recorded_at: Fri, 23 Apr 2021 15:31:12 GMT
- request:
    method: post
    uri: http://backend:5352/source/home:tom/apache2?cmd=runservice&user=foo_admin
    body:
      encoding: UTF-8
      string: ''
    headers:
      Content-Type:
      - application/octet-stream
      Accept-Encoding:
      - gzip;q=1.0,deflate;q=0.6,identity;q=0.3
      Accept:
      - "*/*"
      User-Agent:
      - Ruby
  response:
    status:
      code: 200
      message: OK
    headers:
      Content-Type:
      - text/xml
      Cache-Control:
      - no-cache
      Connection:
      - close
      Content-Length:
      - '21'
    body:
      encoding: UTF-8
      string: '<status code="ok" />

'
  recorded_at: Fri, 23 Apr 2021 15:31:12 GMT
recorded_with: VCR 6.0.0
