---
http_interactions:
- request:
    method: put
    uri: http://backend:5352/source/home:Iggy/_meta?user=Iggy
    body:
      encoding: UTF-8
      string: |
        <project name="home:Iggy">
          <title/>
          <description/>
          <person userid="Iggy" role="maintainer"/>
        </project>
    headers:
      Accept-Encoding:
      - gzip;q=1.0,deflate;q=0.6,identity;q=0.3
      Accept:
      - "*/*"
      User-Agent:
      - Ruby
  response:
    status:
      code: 200
      message: OK
    headers:
      Content-Type:
      - text/xml
      Cache-Control:
      - no-cache
      Connection:
      - close
      Content-Length:
      - '130'
    body:
      encoding: UTF-8
      string: |
        <project name="home:Iggy">
          <title></title>
          <description></description>
          <person userid="Iggy" role="maintainer"/>
        </project>
  recorded_at: Thu, 23 Sep 2021 13:06:58 GMT
- request:
    method: put
    uri: http://backend:5352/source/foo_project/_meta?user=user_191
    body:
      encoding: UTF-8
      string: |
        <project name="foo_project">
          <title>Quo Vadis</title>
          <description/>
          <person userid="Iggy" role="maintainer"/>
        </project>
    headers:
      Accept-Encoding:
      - gzip;q=1.0,deflate;q=0.6,identity;q=0.3
      Accept:
      - "*/*"
      User-Agent:
      - Ruby
  response:
    status:
      code: 200
      message: OK
    headers:
      Content-Type:
      - text/xml
      Cache-Control:
      - no-cache
      Connection:
      - close
      Content-Length:
      - '141'
    body:
      encoding: UTF-8
      string: |
        <project name="foo_project">
          <title>Quo Vadis</title>
          <description></description>
          <person userid="Iggy" role="maintainer"/>
        </project>
  recorded_at: Thu, 23 Sep 2021 13:06:58 GMT
- request:
    method: put
    uri: http://backend:5352/source/foo_project/bar_package/_meta?user=user_192
    body:
      encoding: UTF-8
      string: |
        <package name="bar_package" project="foo_project">
          <title>Rosemary Sutcliff</title>
          <description>Quo qui voluptatem repellendus.</description>
        </package>
    headers:
      Accept-Encoding:
      - gzip;q=1.0,deflate;q=0.6,identity;q=0.3
      Accept:
      - "*/*"
      User-Agent:
      - Ruby
  response:
    status:
      code: 200
      message: OK
    headers:
      Content-Type:
      - text/xml
      Cache-Control:
      - no-cache
      Connection:
      - close
      Content-Length:
      - '158'
    body:
      encoding: UTF-8
      string: |
        <package name="bar_package" project="foo_project">
          <title>Rosemary Sutcliff</title>
          <description>Quo qui voluptatem repellendus.</description>
        </package>
  recorded_at: Thu, 23 Sep 2021 13:06:58 GMT
- request:
    method: put
    uri: http://backend:5352/source/foo_project/bar_package/_config
    body:
      encoding: UTF-8
      string: Quia rerum voluptatem. Autem corrupti voluptatem. Saepe est id.
    headers:
      Accept-Encoding:
      - gzip;q=1.0,deflate;q=0.6,identity;q=0.3
      Accept:
      - "*/*"
      User-Agent:
      - Ruby
  response:
    status:
      code: 200
      message: OK
    headers:
      Content-Type:
      - text/xml
      Cache-Control:
      - no-cache
      Connection:
      - close
      Content-Length:
      - '211'
    body:
      encoding: UTF-8
      string: |
        <revision rev="219" vrev="219">
          <srcmd5>65d7907842670d10ea4cddd6e5472aca</srcmd5>
          <version>unknown</version>
          <time>1632402418</time>
          <user>unknown</user>
          <comment></comment>
          <requestid/>
        </revision>
  recorded_at: Thu, 23 Sep 2021 13:06:58 GMT
- request:
    method: put
    uri: http://backend:5352/source/foo_project/bar_package/somefile.txt
    body:
      encoding: UTF-8
      string: Qui est sed. Amet velit minima. Ut est est.
    headers:
      Accept-Encoding:
      - gzip;q=1.0,deflate;q=0.6,identity;q=0.3
      Accept:
      - "*/*"
      User-Agent:
      - Ruby
  response:
    status:
      code: 200
      message: OK
    headers:
      Content-Type:
      - text/xml
      Cache-Control:
      - no-cache
      Connection:
      - close
      Content-Length:
      - '211'
    body:
      encoding: UTF-8
      string: |
        <revision rev="220" vrev="220">
          <srcmd5>55b32a972d3f4e14a59e959e983bdb2d</srcmd5>
          <version>unknown</version>
          <time>1632402418</time>
          <user>unknown</user>
          <comment></comment>
          <requestid/>
        </revision>
  recorded_at: Thu, 23 Sep 2021 13:06:59 GMT
- request:
    method: post
    uri: http://backend:5352/search/package/id?match=(linkinfo/@package=%22bar_package%22%20and%20linkinfo/@project=%22foo_project%22%20and%20@project=%22foo_project%22)
    body:
      encoding: UTF-8
      string: ''
    headers:
      Content-Type:
      - application/octet-stream
      Accept-Encoding:
      - gzip;q=1.0,deflate;q=0.6,identity;q=0.3
      Accept:
      - "*/*"
      User-Agent:
      - Ruby
  response:
    status:
      code: 200
      message: OK
    headers:
      Content-Type:
      - text/xml
      Cache-Control:
      - no-cache
      Connection:
      - close
      Content-Length:
      - '27'
    body:
      encoding: UTF-8
      string: |
        <collection>
        </collection>
  recorded_at: Thu, 23 Sep 2021 13:06:59 GMT
- request:
    method: put
    uri: http://backend:5352/source/home:Iggy:openSUSE:open-build-service:PR-1/_meta?user=Iggy
    body:
      encoding: UTF-8
      string: |
        <project name="home:Iggy:openSUSE:open-build-service:PR-1">
          <title>Branch project for package bar_package</title>
          <description>This project was created for package bar_package via attribute OBS:Maintained</description>
          <person userid="Iggy" role="maintainer"/>
        </project>
    headers:
      Accept-Encoding:
      - gzip;q=1.0,deflate;q=0.6,identity;q=0.3
      Accept:
      - "*/*"
      User-Agent:
      - Ruby
  response:
    status:
      code: 200
      message: OK
    headers:
      Content-Type:
      - text/xml
      Cache-Control:
      - no-cache
      Connection:
      - close
      Content-Length:
      - '278'
    body:
      encoding: UTF-8
      string: |
        <project name="home:Iggy:openSUSE:open-build-service:PR-1">
          <title>Branch project for package bar_package</title>
          <description>This project was created for package bar_package via attribute OBS:Maintained</description>
          <person userid="Iggy" role="maintainer"/>
        </project>
  recorded_at: Thu, 23 Sep 2021 13:06:59 GMT
- request:
    method: put
    uri: http://backend:5352/source/home:Iggy:openSUSE:open-build-service:PR-1/bar_package/_meta?user=Iggy
    body:
      encoding: UTF-8
      string: |
        <package name="bar_package" project="home:Iggy:openSUSE:open-build-service:PR-1">
          <title>Rosemary Sutcliff</title>
          <description>Quo qui voluptatem repellendus.</description>
        </package>
    headers:
      Accept-Encoding:
      - gzip;q=1.0,deflate;q=0.6,identity;q=0.3
      Accept:
      - "*/*"
      User-Agent:
      - Ruby
  response:
    status:
      code: 200
      message: OK
    headers:
      Content-Type:
      - text/xml
      Cache-Control:
      - no-cache
      Connection:
      - close
      Content-Length:
      - '189'
    body:
      encoding: UTF-8
      string: |
        <package name="bar_package" project="home:Iggy:openSUSE:open-build-service:PR-1">
          <title>Rosemary Sutcliff</title>
          <description>Quo qui voluptatem repellendus.</description>
        </package>
  recorded_at: Thu, 23 Sep 2021 13:07:00 GMT
- request:
    method: post
    uri: http://backend:5352/source/home:Iggy:openSUSE:open-build-service:PR-1/bar_package?cmd=branch&noservice=1&opackage=bar_package&oproject=foo_project&user=Iggy
    body:
      encoding: UTF-8
      string: ''
    headers:
      Content-Type:
      - application/octet-stream
      Accept-Encoding:
      - gzip;q=1.0,deflate;q=0.6,identity;q=0.3
      Accept:
      - "*/*"
      User-Agent:
      - Ruby
  response:
    status:
      code: 200
      message: OK
    headers:
      Content-Type:
      - text/xml
      Cache-Control:
      - no-cache
      Connection:
      - close
      Content-Length:
      - '208'
    body:
      encoding: UTF-8
      string: |
        <revision rev="175" vrev="175">
          <srcmd5>c10fa9470b52b7a92da37214e7a78065</srcmd5>
          <version>unknown</version>
          <time>1632402420</time>
          <user>Iggy</user>
          <comment></comment>
          <requestid/>
        </revision>
  recorded_at: Thu, 23 Sep 2021 13:07:00 GMT
- request:
    method: put
    uri: http://backend:5352/source/home:Iggy:openSUSE:open-build-service:PR-1/bar_package/_meta?user=Iggy
    body:
      encoding: UTF-8
      string: |
        <package name="bar_package" project="home:Iggy:openSUSE:open-build-service:PR-1">
          <title>Rosemary Sutcliff</title>
          <description>Quo qui voluptatem repellendus.</description>
        </package>
    headers:
      Accept-Encoding:
      - gzip;q=1.0,deflate;q=0.6,identity;q=0.3
      Accept:
      - "*/*"
      User-Agent:
      - Ruby
  response:
    status:
      code: 200
      message: OK
    headers:
      Content-Type:
      - text/xml
      Cache-Control:
      - no-cache
      Connection:
      - close
      Content-Length:
      - '189'
    body:
      encoding: UTF-8
      string: |
        <package name="bar_package" project="home:Iggy:openSUSE:open-build-service:PR-1">
          <title>Rosemary Sutcliff</title>
          <description>Quo qui voluptatem repellendus.</description>
        </package>
  recorded_at: Thu, 23 Sep 2021 13:07:01 GMT
- request:
    method: get
    uri: http://backend:5352/source/home:Iggy:openSUSE:open-build-service:PR-1/bar_package
    body:
      encoding: US-ASCII
      string: ''
    headers:
      Accept-Encoding:
      - gzip;q=1.0,deflate;q=0.6,identity;q=0.3
      Accept:
      - "*/*"
      User-Agent:
      - Ruby
  response:
    status:
      code: 200
      message: OK
    headers:
      Content-Type:
      - text/xml
      Cache-Control:
      - no-cache
      Connection:
      - close
      Content-Length:
      - '725'
    body:
      encoding: UTF-8
      string: |
        <directory name="bar_package" rev="175" vrev="175" srcmd5="c10fa9470b52b7a92da37214e7a78065">
          <linkinfo project="foo_project" package="bar_package" srcmd5="55b32a972d3f4e14a59e959e983bdb2d" baserev="55b32a972d3f4e14a59e959e983bdb2d" xsrcmd5="62f57964a00cda1674a35451c5b07d30" lsrcmd5="c10fa9470b52b7a92da37214e7a78065"/>
          <entry name="_branch_request" md5="aea524cf047993d430e69b477e07f3df" size="114" mtime="1632402122"/>
          <entry name="_config" md5="fc0f4e39a491ec28a025682a39ab09c7" size="63" mtime="1632402418"/>
          <entry name="_link" md5="2ed8c71f610c0cf3d4ae22637bbbf031" size="119" mtime="1632402420"/>
          <entry name="somefile.txt" md5="ecb553c16efd5e09c2f6f263492979df" size="43" mtime="1632402418"/>
        </directory>
  recorded_at: Thu, 23 Sep 2021 13:07:02 GMT
- request:
    method: get
    uri: http://backend:5352/source/home:Iggy:openSUSE:open-build-service:PR-1/bar_package?view=info
    body:
      encoding: US-ASCII
      string: ''
    headers:
      Accept-Encoding:
      - gzip;q=1.0,deflate;q=0.6,identity;q=0.3
      Accept:
      - "*/*"
      User-Agent:
      - Ruby
  response:
    status:
      code: 200
      message: OK
    headers:
      Content-Type:
      - text/xml
      Cache-Control:
      - no-cache
      Connection:
      - close
      Content-Length:
      - '332'
    body:
      encoding: UTF-8
      string: |
        <sourceinfo package="bar_package" rev="175" vrev="395" srcmd5="62f57964a00cda1674a35451c5b07d30" lsrcmd5="c10fa9470b52b7a92da37214e7a78065" verifymd5="55b32a972d3f4e14a59e959e983bdb2d">
          <error>bad build configuration, no build type defined or detected</error>
          <linked project="foo_project" package="bar_package"/>
        </sourceinfo>
  recorded_at: Thu, 23 Sep 2021 13:07:02 GMT
- request:
    method: get
    uri: http://backend:5352/source/home:Iggy:openSUSE:open-build-service:PR-1/bar_package
    body:
      encoding: US-ASCII
      string: ''
    headers:
      Accept-Encoding:
      - gzip;q=1.0,deflate;q=0.6,identity;q=0.3
      Accept:
      - "*/*"
      User-Agent:
      - Ruby
  response:
    status:
      code: 200
      message: OK
    headers:
      Content-Type:
      - text/xml
      Cache-Control:
      - no-cache
      Connection:
      - close
      Content-Length:
      - '725'
    body:
      encoding: UTF-8
      string: |
        <directory name="bar_package" rev="175" vrev="175" srcmd5="c10fa9470b52b7a92da37214e7a78065">
          <linkinfo project="foo_project" package="bar_package" srcmd5="55b32a972d3f4e14a59e959e983bdb2d" baserev="55b32a972d3f4e14a59e959e983bdb2d" xsrcmd5="62f57964a00cda1674a35451c5b07d30" lsrcmd5="c10fa9470b52b7a92da37214e7a78065"/>
          <entry name="_branch_request" md5="aea524cf047993d430e69b477e07f3df" size="114" mtime="1632402122"/>
          <entry name="_config" md5="fc0f4e39a491ec28a025682a39ab09c7" size="63" mtime="1632402418"/>
          <entry name="_link" md5="2ed8c71f610c0cf3d4ae22637bbbf031" size="119" mtime="1632402420"/>
          <entry name="somefile.txt" md5="ecb553c16efd5e09c2f6f263492979df" size="43" mtime="1632402418"/>
        </directory>
  recorded_at: Thu, 23 Sep 2021 13:07:02 GMT
- request:
    method: post
    uri: http://backend:5352/source/home:Iggy:openSUSE:open-build-service:PR-1/bar_package?cmd=diff&linkrev=base&onlyissues=1&orev=0&view=xml
    body:
      encoding: UTF-8
      string: ''
    headers:
      Content-Type:
      - application/octet-stream
      Accept-Encoding:
      - gzip;q=1.0,deflate;q=0.6,identity;q=0.3
      Accept:
      - "*/*"
      User-Agent:
      - Ruby
  response:
    status:
      code: 200
      message: OK
    headers:
      Content-Type:
      - text/xml
      Cache-Control:
      - no-cache
      Connection:
      - close
      Content-Length:
      - '370'
    body:
      encoding: UTF-8
      string: |
        <sourcediff key="22d557e34067145e21fbdef403ad3535">
          <old project="home:Iggy:openSUSE:open-build-service:PR-1" package="bar_package" rev="0" srcmd5="d41d8cd98f00b204e9800998ecf8427e"/>
          <new project="home:Iggy:openSUSE:open-build-service:PR-1" package="bar_package" rev="175" srcmd5="c10fa9470b52b7a92da37214e7a78065"/>
          <files/>
          <issues>
          </issues>
        </sourcediff>
  recorded_at: Thu, 23 Sep 2021 13:07:02 GMT
- request:
    method: post
    uri: http://backend:5352/source/home:Iggy:openSUSE:open-build-service:PR-1/bar_package?cmd=linkdiff&linkrev=base&onlyissues=1&view=xml
    body:
      encoding: UTF-8
      string: ''
    headers:
      Content-Type:
      - application/octet-stream
      Accept-Encoding:
      - gzip;q=1.0,deflate;q=0.6,identity;q=0.3
      Accept:
      - "*/*"
      User-Agent:
      - Ruby
  response:
    status:
      code: 200
      message: OK
    headers:
      Content-Type:
      - text/xml
      Cache-Control:
      - no-cache
      Connection:
      - close
      Content-Length:
      - '376'
    body:
      encoding: UTF-8
      string: |
        <sourcediff key="07678f1897efcada14e6b037b2dc47af">
          <old project="foo_project" package="bar_package" rev="55b32a972d3f4e14a59e959e983bdb2d" srcmd5="55b32a972d3f4e14a59e959e983bdb2d"/>
          <new project="home:Iggy:openSUSE:open-build-service:PR-1" package="bar_package" rev="62f57964a00cda1674a35451c5b07d30" srcmd5="62f57964a00cda1674a35451c5b07d30"/>
          <files/>
        </sourcediff>
  recorded_at: Thu, 23 Sep 2021 13:07:02 GMT
- request:
    method: put
    uri: http://backend:5352/source/home:Iggy:openSUSE:open-build-service:PR-1/_meta?user=Iggy
    body:
      encoding: UTF-8
      string: |
        <project name="home:Iggy:openSUSE:open-build-service:PR-1">
          <title>Branch project for package bar_package</title>
          <description>This project was created for package bar_package via attribute OBS:Maintained</description>
          <person userid="Iggy" role="maintainer"/>
          <publish>
            <disable/>
          </publish>
          <repository name="openSUSE_Tumbleweed">
            <path project="foo_project" repository="openSUSE_Tumbleweed"/>
            <arch>x86_64</arch>
          </repository>
          <repository name="Unicorn_123">
            <path project="foo_project" repository="Unicorn_123"/>
            <arch>x86_64</arch>
            <arch>i586</arch>
            <arch>ppc</arch>
            <arch>aarch64</arch>
          </repository>
        </project>
    headers:
      Accept-Encoding:
      - gzip;q=1.0,deflate;q=0.6,identity;q=0.3
      Accept:
      - "*/*"
      User-Agent:
      - Ruby
  response:
    status:
      code: 200
      message: OK
    headers:
      Content-Type:
      - text/xml
      Cache-Control:
      - no-cache
      Connection:
      - close
      Content-Length:
      - '668'
    body:
      encoding: UTF-8
      string: |
        <project name="home:Iggy:openSUSE:open-build-service:PR-1">
          <title>Branch project for package bar_package</title>
          <description>This project was created for package bar_package via attribute OBS:Maintained</description>
          <person userid="Iggy" role="maintainer"/>
          <publish>
            <disable/>
          </publish>
          <repository name="openSUSE_Tumbleweed">
            <path project="foo_project" repository="openSUSE_Tumbleweed"/>
            <arch>x86_64</arch>
          </repository>
          <repository name="Unicorn_123">
            <path project="foo_project" repository="Unicorn_123"/>
            <arch>x86_64</arch>
            <arch>i586</arch>
            <arch>ppc</arch>
            <arch>aarch64</arch>
          </repository>
        </project>
  recorded_at: Thu, 23 Sep 2021 13:07:02 GMT
- request:
    method: put
    uri: http://backend:5352/source/home:Iggy:openSUSE:open-build-service:PR-1/bar_package/_branch_request?user=Iggy
    body:
      encoding: UTF-8
      string: '{"object_kind":null,"project":{"http_url":null},"object_attributes":{"source":{"default_branch":"123"}}}'
    headers:
      Accept-Encoding:
      - gzip;q=1.0,deflate;q=0.6,identity;q=0.3
      Accept:
      - "*/*"
      User-Agent:
      - Ruby
  response:
    status:
      code: 200
      message: OK
    headers:
      Content-Type:
      - text/xml
      Cache-Control:
      - no-cache
      Connection:
      - close
      Content-Length:
      - '208'
    body:
      encoding: UTF-8
      string: |
        <revision rev="176" vrev="176">
          <srcmd5>846cba90427f7221cab20e1b2185718c</srcmd5>
          <version>unknown</version>
          <time>1632402422</time>
          <user>Iggy</user>
          <comment></comment>
          <requestid/>
        </revision>
  recorded_at: Thu, 23 Sep 2021 13:07:03 GMT
- request:
    method: put
    uri: http://backend:5352/source/home:Iggy:openSUSE:open-build-service:PR-1/bar_package/_meta?user=Iggy
    body:
      encoding: UTF-8
      string: |
        <package name="bar_package" project="home:Iggy:openSUSE:open-build-service:PR-1">
          <title>Rosemary Sutcliff</title>
          <description>Quo qui voluptatem repellendus.</description>
        </package>
    headers:
      Accept-Encoding:
      - gzip;q=1.0,deflate;q=0.6,identity;q=0.3
      Accept:
      - "*/*"
      User-Agent:
      - Ruby
  response:
    status:
      code: 200
      message: OK
    headers:
      Content-Type:
      - text/xml
      Cache-Control:
      - no-cache
      Connection:
      - close
      Content-Length:
      - '189'
    body:
      encoding: UTF-8
      string: |
        <package name="bar_package" project="home:Iggy:openSUSE:open-build-service:PR-1">
          <title>Rosemary Sutcliff</title>
          <description>Quo qui voluptatem repellendus.</description>
        </package>
  recorded_at: Thu, 23 Sep 2021 13:07:03 GMT
- request:
    method: get
    uri: http://backend:5352/source/home:Iggy:openSUSE:open-build-service:PR-1/bar_package
    body:
      encoding: US-ASCII
      string: ''
    headers:
      Accept-Encoding:
      - gzip;q=1.0,deflate;q=0.6,identity;q=0.3
      Accept:
      - "*/*"
      User-Agent:
      - Ruby
  response:
    status:
      code: 200
      message: OK
    headers:
      Content-Type:
      - text/xml
      Cache-Control:
      - no-cache
      Connection:
      - close
      Content-Length:
      - '757'
    body:
      encoding: UTF-8
      string: |
        <directory name="bar_package" rev="176" vrev="176" srcmd5="846cba90427f7221cab20e1b2185718c">
          <linkinfo project="foo_project" package="bar_package" srcmd5="55b32a972d3f4e14a59e959e983bdb2d" baserev="55b32a972d3f4e14a59e959e983bdb2d" xsrcmd5="39c4d19cfe4538ac8e013b0e1fb20332" lsrcmd5="846cba90427f7221cab20e1b2185718c"/>
          <serviceinfo code="running"/>
          <entry name="_branch_request" md5="3604bb2fa00e7261df781f340c5e9ac1" size="104" mtime="1632402155"/>
          <entry name="_config" md5="fc0f4e39a491ec28a025682a39ab09c7" size="63" mtime="1632402418"/>
          <entry name="_link" md5="2ed8c71f610c0cf3d4ae22637bbbf031" size="119" mtime="1632402420"/>
          <entry name="somefile.txt" md5="ecb553c16efd5e09c2f6f263492979df" size="43" mtime="1632402418"/>
        </directory>
  recorded_at: Thu, 23 Sep 2021 13:07:03 GMT
- request:
    method: get
    uri: http://backend:5352/source/home:Iggy:openSUSE:open-build-service:PR-1/bar_package?view=info
    body:
      encoding: US-ASCII
      string: ''
    headers:
      Accept-Encoding:
      - gzip;q=1.0,deflate;q=0.6,identity;q=0.3
      Accept:
      - "*/*"
      User-Agent:
      - Ruby
  response:
    status:
      code: 200
      message: OK
    headers:
      Content-Type:
      - text/xml
      Cache-Control:
      - no-cache
      Connection:
      - close
      Content-Length:
      - '149'
    body:
      encoding: UTF-8
      string: |
        <sourceinfo package="bar_package" rev="176" vrev="176" srcmd5="846cba90427f7221cab20e1b2185718c">
          <error>service in progress</error>
        </sourceinfo>
  recorded_at: Thu, 23 Sep 2021 13:07:03 GMT
- request:
    method: get
    uri: http://backend:5352/source/home:Iggy:openSUSE:open-build-service:PR-1/bar_package
    body:
      encoding: US-ASCII
      string: ''
    headers:
      Accept-Encoding:
      - gzip;q=1.0,deflate;q=0.6,identity;q=0.3
      Accept:
      - "*/*"
      User-Agent:
      - Ruby
  response:
    status:
      code: 200
      message: OK
    headers:
      Content-Type:
      - text/xml
      Cache-Control:
      - no-cache
      Connection:
      - close
      Content-Length:
      - '757'
    body:
      encoding: UTF-8
      string: |
        <directory name="bar_package" rev="176" vrev="176" srcmd5="846cba90427f7221cab20e1b2185718c">
          <linkinfo project="foo_project" package="bar_package" srcmd5="55b32a972d3f4e14a59e959e983bdb2d" baserev="55b32a972d3f4e14a59e959e983bdb2d" xsrcmd5="39c4d19cfe4538ac8e013b0e1fb20332" lsrcmd5="846cba90427f7221cab20e1b2185718c"/>
          <serviceinfo code="running"/>
          <entry name="_branch_request" md5="3604bb2fa00e7261df781f340c5e9ac1" size="104" mtime="1632402155"/>
          <entry name="_config" md5="fc0f4e39a491ec28a025682a39ab09c7" size="63" mtime="1632402418"/>
          <entry name="_link" md5="2ed8c71f610c0cf3d4ae22637bbbf031" size="119" mtime="1632402420"/>
          <entry name="somefile.txt" md5="ecb553c16efd5e09c2f6f263492979df" size="43" mtime="1632402418"/>
        </directory>
  recorded_at: Thu, 23 Sep 2021 13:07:03 GMT
- request:
    method: post
    uri: http://backend:5352/source/home:Iggy:openSUSE:open-build-service:PR-1/bar_package?cmd=diff&linkrev=base&onlyissues=1&orev=0&view=xml
    body:
      encoding: UTF-8
      string: ''
    headers:
      Content-Type:
      - application/octet-stream
      Accept-Encoding:
      - gzip;q=1.0,deflate;q=0.6,identity;q=0.3
      Accept:
      - "*/*"
      User-Agent:
      - Ruby
  response:
    status:
      code: 200
      message: OK
    headers:
      Content-Type:
      - text/xml
      Cache-Control:
      - no-cache
      Connection:
      - close
      Content-Length:
      - '370'
    body:
      encoding: UTF-8
      string: |
        <sourcediff key="d43a95da6d98315cd5d077332e0e2ce0">
          <old project="home:Iggy:openSUSE:open-build-service:PR-1" package="bar_package" rev="0" srcmd5="d41d8cd98f00b204e9800998ecf8427e"/>
          <new project="home:Iggy:openSUSE:open-build-service:PR-1" package="bar_package" rev="176" srcmd5="846cba90427f7221cab20e1b2185718c"/>
          <files/>
          <issues>
          </issues>
        </sourcediff>
  recorded_at: Thu, 23 Sep 2021 13:07:03 GMT
- request:
    method: post
    uri: http://backend:5352/source/home:Iggy:openSUSE:open-build-service:PR-1/bar_package?cmd=linkdiff&linkrev=base&onlyissues=1&view=xml
    body:
      encoding: UTF-8
      string: ''
    headers:
      Content-Type:
      - application/octet-stream
      Accept-Encoding:
      - gzip;q=1.0,deflate;q=0.6,identity;q=0.3
      Accept:
      - "*/*"
      User-Agent:
      - Ruby
  response:
    status:
      code: 200
      message: OK
    headers:
      Content-Type:
      - text/xml
      Cache-Control:
      - no-cache
      Connection:
      - close
      Content-Length:
      - '399'
    body:
      encoding: UTF-8
      string: |
        <sourcediff key="17b11d02a9d7ef26101a162c4792cdb4">
          <old project="foo_project" package="bar_package" rev="55b32a972d3f4e14a59e959e983bdb2d" srcmd5="55b32a972d3f4e14a59e959e983bdb2d"/>
          <new project="home:Iggy:openSUSE:open-build-service:PR-1" package="bar_package" rev="11cdc623cc949ff69b3fc16be3852993" srcmd5="11cdc623cc949ff69b3fc16be3852993"/>
          <files/>
          <issues>
          </issues>
        </sourcediff>
  recorded_at: Thu, 23 Sep 2021 13:07:03 GMT
- request:
    method: get
    uri: http://backend:5352/source/home:Iggy:openSUSE:open-build-service:PR-1/bar_package/_branch_request
    body:
      encoding: US-ASCII
      string: ''
    headers:
      Accept-Encoding:
      - gzip;q=1.0,deflate;q=0.6,identity;q=0.3
      Accept:
      - "*/*"
      User-Agent:
      - Ruby
  response:
    status:
      code: 200
      message: OK
    headers:
      Content-Type:
      - application/octet-stream
      Content-Length:
      - '104'
      Cache-Control:
      - no-cache
      Connection:
      - close
    body:
      encoding: UTF-8
      string: '{"object_kind":null,"project":{"http_url":null},"object_attributes":{"source":{"default_branch":"123"}}}'
  recorded_at: Thu, 23 Sep 2021 13:07:03 GMT
recorded_with: VCR 6.0.0
