---
http_interactions:
- request:
    method: put
    uri: http://backend:5352/source/home:madam_submitter/_meta?user=madam_submitter
    body:
      encoding: UTF-8
      string: |
        <project name="home:madam_submitter">
          <title/>
          <description/>
          <person userid="madam_submitter" role="maintainer"/>
        </project>
    headers:
      Accept-Encoding:
      - gzip;q=1.0,deflate;q=0.6,identity;q=0.3
      Accept:
      - "*/*"
      User-Agent:
      - Ruby
  response:
    status:
      code: 200
      message: OK
    headers:
      Content-Type:
      - text/xml
      Cache-Control:
      - no-cache
      Connection:
      - close
      Content-Length:
      - '152'
    body:
      encoding: UTF-8
      string: |
        <project name="home:madam_submitter">
          <title></title>
          <description></description>
          <person userid="madam_submitter" role="maintainer"/>
        </project>
    http_version: null
  recorded_at: Fri, 29 May 2020 14:14:43 GMT
- request:
    method: put
    uri: http://backend:5352/source/home:madam_submitter/Quebec/_meta?user=user_1
    body:
      encoding: UTF-8
      string: |
        <package name="Quebec" project="home:madam_submitter">
          <title>Stranger in a Strange Land</title>
          <description>In eaque cum quia.</description>
        </package>
    headers:
      Accept-Encoding:
      - gzip;q=1.0,deflate;q=0.6,identity;q=0.3
      Accept:
      - "*/*"
      User-Agent:
      - Ruby
  response:
    status:
      code: 200
      message: OK
    headers:
      Content-Type:
      - text/xml
      Cache-Control:
      - no-cache
      Connection:
      - close
      Content-Length:
      - '158'
    body:
      encoding: UTF-8
      string: |
        <package name="Quebec" project="home:madam_submitter">
          <title>Stranger in a Strange Land</title>
          <description>In eaque cum quia.</description>
        </package>
    http_version: null
  recorded_at: Fri, 29 May 2020 14:14:43 GMT
- request:
    method: put
    uri: http://backend:5352/source/home:madam_submitter/Quebec/_config
    body:
      encoding: UTF-8
      string: Ipsam doloribus corporis. Et et et. Dicta qui dolor.
    headers:
      Accept-Encoding:
      - gzip;q=1.0,deflate;q=0.6,identity;q=0.3
      Accept:
      - "*/*"
      User-Agent:
      - Ruby
  response:
    status:
      code: 200
      message: OK
    headers:
      Content-Type:
      - text/xml
      Cache-Control:
      - no-cache
      Connection:
      - close
      Content-Length:
      - '207'
    body:
      encoding: UTF-8
      string: |
        <revision rev="7" vrev="7">
          <srcmd5>da2819ec5c882cba2561170c1e0eafe7</srcmd5>
          <version>unknown</version>
          <time>1590761683</time>
          <user>unknown</user>
          <comment></comment>
          <requestid/>
        </revision>
    http_version: null
  recorded_at: Fri, 29 May 2020 14:14:43 GMT
- request:
    method: put
    uri: http://backend:5352/source/home:madam_submitter/Quebec/somefile.txt
    body:
      encoding: UTF-8
      string: Cumque possimus doloremque. Laboriosam nihil quam. Quas impedit ut.
    headers:
      Accept-Encoding:
      - gzip;q=1.0,deflate;q=0.6,identity;q=0.3
      Accept:
      - "*/*"
      User-Agent:
      - Ruby
  response:
    status:
      code: 200
      message: OK
    headers:
      Content-Type:
      - text/xml
      Cache-Control:
      - no-cache
      Connection:
      - close
      Content-Length:
      - '207'
    body:
      encoding: UTF-8
      string: |
        <revision rev="8" vrev="8">
          <srcmd5>2bfd332ff7551776a10082522f982f11</srcmd5>
          <version>unknown</version>
          <time>1590761683</time>
          <user>unknown</user>
          <comment></comment>
          <requestid/>
        </revision>
    http_version: null
  recorded_at: Fri, 29 May 2020 14:14:43 GMT
- request:
    method: put
    uri: http://backend:5352/source/home:mr_receiver/_meta?user=mr_receiver
    body:
      encoding: UTF-8
      string: |
        <project name="home:mr_receiver">
          <title/>
          <description/>
          <person userid="mr_receiver" role="maintainer"/>
        </project>
    headers:
      Accept-Encoding:
      - gzip;q=1.0,deflate;q=0.6,identity;q=0.3
      Accept:
      - "*/*"
      User-Agent:
      - Ruby
  response:
    status:
      code: 200
      message: OK
    headers:
      Content-Type:
      - text/xml
      Cache-Control:
      - no-cache
      Connection:
      - close
      Content-Length:
      - '144'
    body:
      encoding: UTF-8
      string: |
        <project name="home:mr_receiver">
          <title></title>
          <description></description>
          <person userid="mr_receiver" role="maintainer"/>
        </project>
    http_version: null
  recorded_at: Fri, 29 May 2020 14:14:44 GMT
- request:
    method: put
    uri: http://backend:5352/source/home:mr_receiver/Quebec/_meta?user=user_2
    body:
      encoding: UTF-8
      string: |
        <package name="Quebec" project="home:mr_receiver">
          <title>A Confederacy of Dunces</title>
          <description>Consequuntur ex voluptas nihil.</description>
        </package>
    headers:
      Accept-Encoding:
      - gzip;q=1.0,deflate;q=0.6,identity;q=0.3
      Accept:
      - "*/*"
      User-Agent:
      - Ruby
  response:
    status:
      code: 200
      message: OK
    headers:
      Content-Type:
      - text/xml
      Cache-Control:
      - no-cache
      Connection:
      - close
      Content-Length:
      - '164'
    body:
      encoding: UTF-8
      string: |
        <package name="Quebec" project="home:mr_receiver">
          <title>A Confederacy of Dunces</title>
          <description>Consequuntur ex voluptas nihil.</description>
        </package>
    http_version: null
  recorded_at: Fri, 29 May 2020 14:14:44 GMT
- request:
    method: put
    uri: http://backend:5352/source/home:mr_receiver/Quebec/_config
    body:
      encoding: UTF-8
      string: Provident unde repellat. Error maiores quam. Velit error ea.
    headers:
      Accept-Encoding:
      - gzip;q=1.0,deflate;q=0.6,identity;q=0.3
      Accept:
      - "*/*"
      User-Agent:
      - Ruby
  response:
    status:
      code: 200
      message: OK
    headers:
      Content-Type:
      - text/xml
      Cache-Control:
      - no-cache
      Connection:
      - close
      Content-Length:
      - '207'
    body:
      encoding: UTF-8
      string: |
        <revision rev="7" vrev="7">
          <srcmd5>09b252449580c62c640ea399d40235dc</srcmd5>
          <version>unknown</version>
          <time>1590761684</time>
          <user>unknown</user>
          <comment></comment>
          <requestid/>
        </revision>
    http_version: null
  recorded_at: Fri, 29 May 2020 14:14:44 GMT
- request:
    method: put
    uri: http://backend:5352/source/home:mr_receiver/Quebec/somefile.txt
    body:
      encoding: UTF-8
      string: Aliquid dolor ex. Praesentium velit consequuntur. Minus dolores nisi.
    headers:
      Accept-Encoding:
      - gzip;q=1.0,deflate;q=0.6,identity;q=0.3
      Accept:
      - "*/*"
      User-Agent:
      - Ruby
  response:
    status:
      code: 200
      message: OK
    headers:
      Content-Type:
      - text/xml
      Cache-Control:
      - no-cache
      Connection:
      - close
      Content-Length:
      - '207'
    body:
      encoding: UTF-8
      string: |
        <revision rev="8" vrev="8">
          <srcmd5>1f4873542ae9f67565008426a261c951</srcmd5>
          <version>unknown</version>
          <time>1590761684</time>
          <user>unknown</user>
          <comment></comment>
          <requestid/>
        </revision>
    http_version: null
  recorded_at: Fri, 29 May 2020 14:14:44 GMT
- request:
    method: get
    uri: http://backend:5352/source/home:madam_submitter/Quebec
    body:
      encoding: US-ASCII
      string: ''
    headers:
      Accept-Encoding:
      - gzip;q=1.0,deflate;q=0.6,identity;q=0.3
      Accept:
      - "*/*"
      User-Agent:
      - Ruby
  response:
    status:
      code: 200
      message: OK
    headers:
      Content-Type:
      - text/xml
      Cache-Control:
      - no-cache
      Connection:
      - close
      Content-Length:
      - '291'
    body:
      encoding: UTF-8
      string: |
        <directory name="Quebec" rev="8" vrev="8" srcmd5="2bfd332ff7551776a10082522f982f11">
          <entry name="_config" md5="f00676852dc076f9260fca9eb8222d15" size="52" mtime="1590761683"/>
          <entry name="somefile.txt" md5="8cccf2de444de84b435a795d389aca28" size="67" mtime="1590761683"/>
        </directory>
    http_version: null
  recorded_at: Fri, 29 May 2020 14:14:49 GMT
- request:
    method: get
    uri: http://backend:5352/source/home:madam_submitter/Quebec?expand=1&rev=8
    body:
      encoding: US-ASCII
      string: ''
    headers:
      Accept-Encoding:
      - gzip;q=1.0,deflate;q=0.6,identity;q=0.3
      Accept:
      - "*/*"
      User-Agent:
      - Ruby
  response:
    status:
      code: 200
      message: OK
    headers:
      Content-Type:
      - text/xml
      Cache-Control:
      - no-cache
      Connection:
      - close
      Content-Length:
      - '291'
    body:
      encoding: UTF-8
      string: |
        <directory name="Quebec" rev="8" vrev="8" srcmd5="2bfd332ff7551776a10082522f982f11">
          <entry name="_config" md5="f00676852dc076f9260fca9eb8222d15" size="52" mtime="1590761683"/>
          <entry name="somefile.txt" md5="8cccf2de444de84b435a795d389aca28" size="67" mtime="1590761683"/>
        </directory>
    http_version: null
  recorded_at: Fri, 29 May 2020 14:14:49 GMT
- request:
    method: get
    uri: http://backend:5352/source/home:madam_submitter/Quebec
    body:
      encoding: US-ASCII
      string: ''
    headers:
      Accept-Encoding:
      - gzip;q=1.0,deflate;q=0.6,identity;q=0.3
      Accept:
      - "*/*"
      User-Agent:
      - Ruby
  response:
    status:
      code: 200
      message: OK
    headers:
      Content-Type:
      - text/xml
      Cache-Control:
      - no-cache
      Connection:
      - close
      Content-Length:
      - '291'
    body:
      encoding: UTF-8
      string: |
        <directory name="Quebec" rev="8" vrev="8" srcmd5="2bfd332ff7551776a10082522f982f11">
          <entry name="_config" md5="f00676852dc076f9260fca9eb8222d15" size="52" mtime="1590761683"/>
          <entry name="somefile.txt" md5="8cccf2de444de84b435a795d389aca28" size="67" mtime="1590761683"/>
        </directory>
    http_version: null
  recorded_at: Fri, 29 May 2020 14:14:49 GMT
- request:
    method: get
    uri: http://backend:5352/source/home:madam_submitter/Quebec
    body:
      encoding: US-ASCII
      string: ''
    headers:
      Accept-Encoding:
      - gzip;q=1.0,deflate;q=0.6,identity;q=0.3
      Accept:
      - "*/*"
      User-Agent:
      - Ruby
  response:
    status:
      code: 200
      message: OK
    headers:
      Content-Type:
      - text/xml
      Cache-Control:
      - no-cache
      Connection:
      - close
      Content-Length:
      - '291'
    body:
      encoding: UTF-8
      string: |
        <directory name="Quebec" rev="8" vrev="8" srcmd5="2bfd332ff7551776a10082522f982f11">
          <entry name="_config" md5="f00676852dc076f9260fca9eb8222d15" size="52" mtime="1590761683"/>
          <entry name="somefile.txt" md5="8cccf2de444de84b435a795d389aca28" size="67" mtime="1590761683"/>
        </directory>
    http_version: null
  recorded_at: Fri, 29 May 2020 14:14:49 GMT
- request:
    method: get
    uri: http://backend:5352/source/home:madam_submitter/Quebec/_history
    body:
      encoding: US-ASCII
      string: ''
    headers:
      Accept-Encoding:
      - gzip;q=1.0,deflate;q=0.6,identity;q=0.3
      Accept:
      - "*/*"
      User-Agent:
      - Ruby
  response:
    status:
      code: 200
      message: OK
    headers:
      Content-Type:
      - text/xml
      Cache-Control:
      - no-cache
      Connection:
      - close
      Content-Length:
      - '1487'
    body:
      encoding: UTF-8
      string: |
        <revisionlist>
          <revision rev="1" vrev="1">
            <srcmd5>f6f7e975c9f6027c6c5e08877ca0660c</srcmd5>
            <version>unknown</version>
            <time>1590759043</time>
            <user>unknown</user>
          </revision>
          <revision rev="2" vrev="2">
            <srcmd5>6f890687c0a98802e01f0623f06eb672</srcmd5>
            <version>unknown</version>
            <time>1590759043</time>
            <user>unknown</user>
          </revision>
          <revision rev="3" vrev="3">
            <srcmd5>137a26e35c91ebe66520ec82faa18b7d</srcmd5>
            <version>unknown</version>
            <time>1590759168</time>
            <user>unknown</user>
          </revision>
          <revision rev="4" vrev="4">
            <srcmd5>ef96b3202e08469966ff60fe93a0ba33</srcmd5>
            <version>unknown</version>
            <time>1590759168</time>
            <user>unknown</user>
          </revision>
          <revision rev="5" vrev="5">
            <srcmd5>945236f2e4e2cc8eca9df095b0cd390b</srcmd5>
            <version>unknown</version>
            <time>1590761550</time>
            <user>unknown</user>
          </revision>
          <revision rev="6" vrev="6">
            <srcmd5>f166dabe45095972d3544cf61df38fee</srcmd5>
            <version>unknown</version>
            <time>1590761550</time>
            <user>unknown</user>
          </revision>
          <revision rev="7" vrev="7">
            <srcmd5>da2819ec5c882cba2561170c1e0eafe7</srcmd5>
            <version>unknown</version>
            <time>1590761683</time>
            <user>unknown</user>
          </revision>
          <revision rev="8" vrev="8">
            <srcmd5>2bfd332ff7551776a10082522f982f11</srcmd5>
            <version>unknown</version>
            <time>1590761683</time>
            <user>unknown</user>
          </revision>
        </revisionlist>
    http_version: null
  recorded_at: Fri, 29 May 2020 14:14:49 GMT
- request:
    method: get
    uri: http://backend:5352/build/home:madam_submitter/_result?package=Quebec&view=status
    body:
      encoding: US-ASCII
      string: ''
    headers:
      Accept-Encoding:
      - gzip;q=1.0,deflate;q=0.6,identity;q=0.3
      Accept:
      - "*/*"
      User-Agent:
      - Ruby
  response:
    status:
      code: 200
      message: OK
    headers:
      Content-Type:
      - text/xml
      Cache-Control:
      - no-cache
      Connection:
      - close
      Content-Length:
      - '55'
    body:
      encoding: UTF-8
      string: '<resultlist state="00000000000000000000000000000000"/>

'
    http_version: null
  recorded_at: Fri, 29 May 2020 14:14:50 GMT
- request:
    method: get
    uri: http://backend:5352/source/home:madam_submitter/Quebec?view=info
    body:
      encoding: US-ASCII
      string: ''
    headers:
      Accept-Encoding:
      - gzip;q=1.0,deflate;q=0.6,identity;q=0.3
      Accept:
      - "*/*"
      User-Agent:
      - Ruby
  response:
    status:
      code: 200
      message: OK
    headers:
      Content-Type:
      - text/xml
      Cache-Control:
      - no-cache
      Connection:
      - close
      Content-Length:
      - '224'
    body:
      encoding: UTF-8
      string: |
        <sourceinfo package="Quebec" rev="8" vrev="8" srcmd5="2bfd332ff7551776a10082522f982f11" verifymd5="2bfd332ff7551776a10082522f982f11">
          <error>bad build configuration, no build type defined or detected</error>
        </sourceinfo>
    http_version: null
  recorded_at: Fri, 29 May 2020 14:14:50 GMT
- request:
    method: get
    uri: http://backend:5352/source/home:madam_submitter/Quebec
    body:
      encoding: US-ASCII
      string: ''
    headers:
      Accept-Encoding:
      - gzip;q=1.0,deflate;q=0.6,identity;q=0.3
      Accept:
      - "*/*"
      User-Agent:
      - Ruby
  response:
    status:
      code: 200
      message: OK
    headers:
      Content-Type:
      - text/xml
      Cache-Control:
      - no-cache
      Connection:
      - close
      Content-Length:
      - '291'
    body:
      encoding: UTF-8
      string: |
        <directory name="Quebec" rev="8" vrev="8" srcmd5="2bfd332ff7551776a10082522f982f11">
          <entry name="_config" md5="f00676852dc076f9260fca9eb8222d15" size="52" mtime="1590761683"/>
          <entry name="somefile.txt" md5="8cccf2de444de84b435a795d389aca28" size="67" mtime="1590761683"/>
        </directory>
    http_version: null
  recorded_at: Fri, 29 May 2020 14:14:50 GMT
- request:
    method: post
    uri: http://backend:5352/source/home:madam_submitter/Quebec?cmd=diff&linkrev=base&onlyissues=1&orev=0&view=xml
    body:
      encoding: UTF-8
      string: ''
    headers:
      Content-Type:
      - application/octet-stream
      Accept-Encoding:
      - gzip;q=1.0,deflate;q=0.6,identity;q=0.3
      Accept:
      - "*/*"
      User-Agent:
      - Ruby
  response:
    status:
      code: 200
      message: OK
    headers:
      Content-Type:
      - text/xml
      Cache-Control:
      - no-cache
      Connection:
      - close
      Content-Length:
      - '314'
    body:
      encoding: UTF-8
      string: |
        <sourcediff key="085fc8a6a402a4d112475fe94e7ed17d">
          <old project="home:madam_submitter" package="Quebec" rev="0" srcmd5="d41d8cd98f00b204e9800998ecf8427e"/>
          <new project="home:madam_submitter" package="Quebec" rev="8" srcmd5="2bfd332ff7551776a10082522f982f11"/>
          <files/>
          <issues>
          </issues>
        </sourcediff>
    http_version: null
  recorded_at: Fri, 29 May 2020 14:14:50 GMT
- request:
    method: get
    uri: http://backend:5352/source/home:madam_submitter/Quebec
    body:
      encoding: US-ASCII
      string: ''
    headers:
      Accept-Encoding:
      - gzip;q=1.0,deflate;q=0.6,identity;q=0.3
      Accept:
      - "*/*"
      User-Agent:
      - Ruby
  response:
    status:
      code: 200
      message: OK
    headers:
      Content-Type:
      - text/xml
      Cache-Control:
      - no-cache
      Connection:
      - close
      Content-Length:
      - '291'
    body:
      encoding: UTF-8
      string: |
        <directory name="Quebec" rev="8" vrev="8" srcmd5="2bfd332ff7551776a10082522f982f11">
          <entry name="_config" md5="f00676852dc076f9260fca9eb8222d15" size="52" mtime="1590761683"/>
          <entry name="somefile.txt" md5="8cccf2de444de84b435a795d389aca28" size="67" mtime="1590761683"/>
        </directory>
    http_version: null
  recorded_at: Fri, 29 May 2020 14:14:52 GMT
- request:
    method: post
    uri: http://backend:5352/source/home:madam_submitter/Quebec?cmd=diff&expand=1&filelimit=10000&opackage=Quebec&oproject=home:mr_receiver&rev=8&tarlimit=10000
    body:
      encoding: UTF-8
      string: ''
    headers:
      Content-Type:
      - application/octet-stream
      Accept-Encoding:
      - gzip;q=1.0,deflate;q=0.6,identity;q=0.3
      Accept:
      - "*/*"
      User-Agent:
      - Ruby
  response:
    status:
      code: 200
      message: OK
    headers:
      Content-Type:
      - text/plain
      Cache-Control:
      - no-cache
      Connection:
      - close
      Content-Length:
      - '495'
    body:
      encoding: UTF-8
      string: |2

        ++++++ _config
        --- _config
        +++ _config
        @@ -1,1 +1,1 @@
        -Provident unde repellat. Error maiores quam. Velit error ea.
        \ No newline at end of file
        +Ipsam doloribus corporis. Et et et. Dicta qui dolor.
        \ No newline at end of file

        ++++++ somefile.txt
        --- somefile.txt
        +++ somefile.txt
        @@ -1,1 +1,1 @@
        -Aliquid dolor ex. Praesentium velit consequuntur. Minus dolores nisi.
        \ No newline at end of file
        +Cumque possimus doloremque. Laboriosam nihil quam. Quas impedit ut.
        \ No newline at end of file
    http_version: null
  recorded_at: Fri, 29 May 2020 14:14:52 GMT
- request:
    method: get
    uri: http://backend:5352/source/home:madam_submitter/Quebec?expand=1&rev=8
    body:
      encoding: US-ASCII
      string: ''
    headers:
      Accept-Encoding:
      - gzip;q=1.0,deflate;q=0.6,identity;q=0.3
      Accept:
      - "*/*"
      User-Agent:
      - Ruby
  response:
    status:
      code: 200
      message: OK
    headers:
      Content-Type:
      - text/xml
      Cache-Control:
      - no-cache
      Connection:
      - close
      Content-Length:
      - '291'
    body:
      encoding: UTF-8
      string: |
        <directory name="Quebec" rev="8" vrev="8" srcmd5="2bfd332ff7551776a10082522f982f11">
          <entry name="_config" md5="f00676852dc076f9260fca9eb8222d15" size="52" mtime="1590761683"/>
          <entry name="somefile.txt" md5="8cccf2de444de84b435a795d389aca28" size="67" mtime="1590761683"/>
        </directory>
    http_version: null
  recorded_at: Fri, 29 May 2020 14:14:52 GMT
- request:
    method: get
    uri: http://backend:5352/source/home:madam_submitter/Quebec
    body:
      encoding: US-ASCII
      string: ''
    headers:
      Accept-Encoding:
      - gzip;q=1.0,deflate;q=0.6,identity;q=0.3
      Accept:
      - "*/*"
      User-Agent:
      - Ruby
  response:
    status:
      code: 200
      message: OK
    headers:
      Content-Type:
      - text/xml
      Cache-Control:
      - no-cache
      Connection:
      - close
      Content-Length:
      - '291'
    body:
      encoding: UTF-8
      string: |
        <directory name="Quebec" rev="8" vrev="8" srcmd5="2bfd332ff7551776a10082522f982f11">
          <entry name="_config" md5="f00676852dc076f9260fca9eb8222d15" size="52" mtime="1590761683"/>
          <entry name="somefile.txt" md5="8cccf2de444de84b435a795d389aca28" size="67" mtime="1590761683"/>
        </directory>
    http_version: null
  recorded_at: Fri, 29 May 2020 14:14:52 GMT
- request:
    method: post
    uri: http://backend:5352/source/home:madam_submitter/Quebec?cmd=diff&expand=1&filelimit=10000&opackage=Quebec&oproject=home:mr_receiver&rev=8&tarlimit=10000&view=xml&withissues=1
    body:
      encoding: UTF-8
      string: ''
    headers:
      Content-Type:
      - application/octet-stream
      Accept-Encoding:
      - gzip;q=1.0,deflate;q=0.6,identity;q=0.3
      Accept:
      - "*/*"
      User-Agent:
      - Ruby
  response:
    status:
      code: 200
      message: OK
    headers:
      Content-Type:
      - text/xml
      Cache-Control:
      - no-cache
      Connection:
      - close
      Content-Length:
      - '1176'
    body:
      encoding: UTF-8
      string: |
        <sourcediff key="e9630d184edd6500d6d564ef228c04cd">
          <old project="home:mr_receiver" package="Quebec" rev="8" srcmd5="1f4873542ae9f67565008426a261c951"/>
          <new project="home:madam_submitter" package="Quebec" rev="8" srcmd5="2bfd332ff7551776a10082522f982f11"/>
          <files>
            <file state="changed">
              <old name="_config" md5="8ab69b5574ccabf14cbb0aacfdfbe582" size="60"/>
              <new name="_config" md5="f00676852dc076f9260fca9eb8222d15" size="52"/>
              <diff lines="5">@@ -1,1 +1,1 @@
        -Provident unde repellat. Error maiores quam. Velit error ea.
        \ No newline at end of file
        +Ipsam doloribus corporis. Et et et. Dicta qui dolor.
        \ No newline at end of file
        </diff>
            </file>
            <file state="changed">
              <old name="somefile.txt" md5="e36c478e68f2b16229f50ef8ad5f142c" size="69"/>
              <new name="somefile.txt" md5="8cccf2de444de84b435a795d389aca28" size="67"/>
              <diff lines="5">@@ -1,1 +1,1 @@
        -Aliquid dolor ex. Praesentium velit consequuntur. Minus dolores nisi.
        \ No newline at end of file
        +Cumque possimus doloremque. Laboriosam nihil quam. Quas impedit ut.
        \ No newline at end of file
        </diff>
            </file>
          </files>
          <issues>
          </issues>
        </sourcediff>
    http_version: null
  recorded_at: Fri, 29 May 2020 14:14:52 GMT
- request:
    method: get
    uri: http://backend:5352/source/home:mr_receiver/Quebec
    body:
      encoding: US-ASCII
      string: ''
    headers:
      Accept-Encoding:
      - gzip;q=1.0,deflate;q=0.6,identity;q=0.3
      Accept:
      - "*/*"
      User-Agent:
      - Ruby
  response:
    status:
      code: 200
      message: OK
    headers:
      Content-Type:
      - text/xml
      Cache-Control:
      - no-cache
      Connection:
      - close
      Content-Length:
      - '291'
    body:
      encoding: UTF-8
      string: |
        <directory name="Quebec" rev="8" vrev="8" srcmd5="1f4873542ae9f67565008426a261c951">
          <entry name="_config" md5="8ab69b5574ccabf14cbb0aacfdfbe582" size="60" mtime="1590761684"/>
          <entry name="somefile.txt" md5="e36c478e68f2b16229f50ef8ad5f142c" size="69" mtime="1590761684"/>
        </directory>
    http_version: null
  recorded_at: Fri, 29 May 2020 14:14:52 GMT
- request:
    method: get
    uri: http://backend:5352/build/home:madam_submitter/_result?package=Quebec&view=status
    body:
      encoding: US-ASCII
      string: ''
    headers:
      Accept-Encoding:
      - gzip;q=1.0,deflate;q=0.6,identity;q=0.3
      Accept:
      - "*/*"
      User-Agent:
      - Ruby
  response:
    status:
      code: 200
      message: OK
    headers:
      Content-Type:
      - text/xml
      Cache-Control:
      - no-cache
      Connection:
      - close
      Content-Length:
      - '55'
    body:
      encoding: UTF-8
      string: '<resultlist state="00000000000000000000000000000000"/>

'
    http_version: null
  recorded_at: Fri, 29 May 2020 14:14:53 GMT
recorded_with: VCR 5.1.0
