---
http_interactions:
- request:
    method: put
    uri: http://backend:5352/source/home:Iggy/_meta?user=Iggy
    body:
      encoding: UTF-8
      string: |
        <project name="home:Iggy">
          <title/>
          <description/>
          <person userid="Iggy" role="maintainer"/>
        </project>
    headers:
      Accept-Encoding:
      - gzip;q=1.0,deflate;q=0.6,identity;q=0.3
      Accept:
      - "*/*"
      User-Agent:
      - Ruby
  response:
    status:
      code: 200
      message: OK
    headers:
      Content-Type:
      - text/xml
      Cache-Control:
      - no-cache
      Connection:
      - close
      Content-Length:
      - '130'
    body:
      encoding: UTF-8
      string: |
        <project name="home:Iggy">
          <title></title>
          <description></description>
          <person userid="Iggy" role="maintainer"/>
        </project>
  recorded_at: Thu, 23 Sep 2021 13:04:15 GMT
- request:
    method: put
    uri: http://backend:5352/source/foo_project/_meta?user=user_131
    body:
      encoding: UTF-8
      string: |
        <project name="foo_project">
          <title>Jacob Have I Loved</title>
          <description/>
          <person userid="Iggy" role="maintainer"/>
        </project>
    headers:
      Accept-Encoding:
      - gzip;q=1.0,deflate;q=0.6,identity;q=0.3
      Accept:
      - "*/*"
      User-Agent:
      - Ruby
  response:
    status:
      code: 200
      message: OK
    headers:
      Content-Type:
      - text/xml
      Cache-Control:
      - no-cache
      Connection:
      - close
      Content-Length:
      - '150'
    body:
      encoding: UTF-8
      string: |
        <project name="foo_project">
          <title>Jacob Have I Loved</title>
          <description></description>
          <person userid="Iggy" role="maintainer"/>
        </project>
  recorded_at: Thu, 23 Sep 2021 13:04:15 GMT
- request:
    method: put
    uri: http://backend:5352/source/foo_project/bar_package/_meta?user=user_132
    body:
      encoding: UTF-8
      string: |
        <package name="bar_package" project="foo_project">
          <title>An Instant In The Wind</title>
          <description>Fuga nemo ea voluptatum.</description>
        </package>
    headers:
      Accept-Encoding:
      - gzip;q=1.0,deflate;q=0.6,identity;q=0.3
      Accept:
      - "*/*"
      User-Agent:
      - Ruby
  response:
    status:
      code: 200
      message: OK
    headers:
      Content-Type:
      - text/xml
      Cache-Control:
      - no-cache
      Connection:
      - close
      Content-Length:
      - '156'
    body:
      encoding: UTF-8
      string: |
        <package name="bar_package" project="foo_project">
          <title>An Instant In The Wind</title>
          <description>Fuga nemo ea voluptatum.</description>
        </package>
  recorded_at: Thu, 23 Sep 2021 13:04:15 GMT
- request:
    method: put
    uri: http://backend:5352/source/foo_project/bar_package/_config
    body:
      encoding: UTF-8
      string: Et voluptatem sit. Quis recusandae optio. Dolores culpa fuga.
    headers:
      Accept-Encoding:
      - gzip;q=1.0,deflate;q=0.6,identity;q=0.3
      Accept:
      - "*/*"
      User-Agent:
      - Ruby
  response:
    status:
      code: 200
      message: OK
    headers:
      Content-Type:
      - text/xml
      Cache-Control:
      - no-cache
      Connection:
      - close
      Content-Length:
      - '211'
    body:
      encoding: UTF-8
      string: |
        <revision rev="147" vrev="147">
          <srcmd5>063771c9a5be4fe05aeab58d8cbd480e</srcmd5>
          <version>unknown</version>
          <time>1632402255</time>
          <user>unknown</user>
          <comment></comment>
          <requestid/>
        </revision>
  recorded_at: Thu, 23 Sep 2021 13:04:16 GMT
- request:
    method: put
    uri: http://backend:5352/source/foo_project/bar_package/somefile.txt
    body:
      encoding: UTF-8
      string: Amet et corporis. Rem quisquam id. Doloremque aut consequatur.
    headers:
      Accept-Encoding:
      - gzip;q=1.0,deflate;q=0.6,identity;q=0.3
      Accept:
      - "*/*"
      User-Agent:
      - Ruby
  response:
    status:
      code: 200
      message: OK
    headers:
      Content-Type:
      - text/xml
      Cache-Control:
      - no-cache
      Connection:
      - close
      Content-Length:
      - '211'
    body:
      encoding: UTF-8
      string: |
        <revision rev="148" vrev="148">
          <srcmd5>751200fcf98389a7ad75091e82840bbe</srcmd5>
          <version>unknown</version>
          <time>1632402256</time>
          <user>unknown</user>
          <comment></comment>
          <requestid/>
        </revision>
  recorded_at: Thu, 23 Sep 2021 13:04:16 GMT
- request:
    method: post
    uri: http://backend:5352/search/package/id?match=(linkinfo/@package=%22bar_package%22%20and%20linkinfo/@project=%22foo_project%22%20and%20@project=%22foo_project%22)
    body:
      encoding: UTF-8
      string: ''
    headers:
      Content-Type:
      - application/octet-stream
      Accept-Encoding:
      - gzip;q=1.0,deflate;q=0.6,identity;q=0.3
      Accept:
      - "*/*"
      User-Agent:
      - Ruby
  response:
    status:
      code: 200
      message: OK
    headers:
      Content-Type:
      - text/xml
      Cache-Control:
      - no-cache
      Connection:
      - close
      Content-Length:
      - '27'
    body:
      encoding: UTF-8
      string: |
        <collection>
        </collection>
  recorded_at: Thu, 23 Sep 2021 13:04:17 GMT
- request:
    method: put
    uri: http://backend:5352/source/home:Iggy:openSUSE:open-build-service:PR-1/_meta?user=Iggy
    body:
      encoding: UTF-8
      string: |
        <project name="home:Iggy:openSUSE:open-build-service:PR-1">
          <title>Branch project for package bar_package</title>
          <description>This project was created for package bar_package via attribute OBS:Maintained</description>
          <person userid="Iggy" role="maintainer"/>
        </project>
    headers:
      Accept-Encoding:
      - gzip;q=1.0,deflate;q=0.6,identity;q=0.3
      Accept:
      - "*/*"
      User-Agent:
      - Ruby
  response:
    status:
      code: 200
      message: OK
    headers:
      Content-Type:
      - text/xml
      Cache-Control:
      - no-cache
      Connection:
      - close
      Content-Length:
      - '278'
    body:
      encoding: UTF-8
      string: |
        <project name="home:Iggy:openSUSE:open-build-service:PR-1">
          <title>Branch project for package bar_package</title>
          <description>This project was created for package bar_package via attribute OBS:Maintained</description>
          <person userid="Iggy" role="maintainer"/>
        </project>
  recorded_at: Thu, 23 Sep 2021 13:04:17 GMT
- request:
    method: put
    uri: http://backend:5352/source/home:Iggy:openSUSE:open-build-service:PR-1/bar_package/_meta?user=Iggy
    body:
      encoding: UTF-8
      string: |
        <package name="bar_package" project="home:Iggy:openSUSE:open-build-service:PR-1">
          <title>An Instant In The Wind</title>
          <description>Fuga nemo ea voluptatum.</description>
        </package>
    headers:
      Accept-Encoding:
      - gzip;q=1.0,deflate;q=0.6,identity;q=0.3
      Accept:
      - "*/*"
      User-Agent:
      - Ruby
  response:
    status:
      code: 200
      message: OK
    headers:
      Content-Type:
      - text/xml
      Cache-Control:
      - no-cache
      Connection:
      - close
      Content-Length:
      - '187'
    body:
      encoding: UTF-8
      string: |
        <package name="bar_package" project="home:Iggy:openSUSE:open-build-service:PR-1">
          <title>An Instant In The Wind</title>
          <description>Fuga nemo ea voluptatum.</description>
        </package>
  recorded_at: Thu, 23 Sep 2021 13:04:18 GMT
- request:
    method: post
    uri: http://backend:5352/source/home:Iggy:openSUSE:open-build-service:PR-1/bar_package?cmd=branch&noservice=1&opackage=bar_package&oproject=foo_project&user=Iggy
    body:
      encoding: UTF-8
      string: ''
    headers:
      Content-Type:
      - application/octet-stream
      Accept-Encoding:
      - gzip;q=1.0,deflate;q=0.6,identity;q=0.3
      Accept:
      - "*/*"
      User-Agent:
      - Ruby
  response:
    status:
      code: 200
      message: OK
    headers:
      Content-Type:
      - text/xml
      Cache-Control:
      - no-cache
      Connection:
      - close
      Content-Length:
      - '208'
    body:
      encoding: UTF-8
      string: |
        <revision rev="117" vrev="117">
          <srcmd5>fa2b54e5912a724fa979053d80511260</srcmd5>
          <version>unknown</version>
          <time>1632402258</time>
          <user>Iggy</user>
          <comment></comment>
          <requestid/>
        </revision>
  recorded_at: Thu, 23 Sep 2021 13:04:18 GMT
- request:
    method: put
    uri: http://backend:5352/source/home:Iggy:openSUSE:open-build-service:PR-1/bar_package/_meta?user=Iggy
    body:
      encoding: UTF-8
      string: |
        <package name="bar_package" project="home:Iggy:openSUSE:open-build-service:PR-1">
          <title>An Instant In The Wind</title>
          <description>Fuga nemo ea voluptatum.</description>
        </package>
    headers:
      Accept-Encoding:
      - gzip;q=1.0,deflate;q=0.6,identity;q=0.3
      Accept:
      - "*/*"
      User-Agent:
      - Ruby
  response:
    status:
      code: 200
      message: OK
    headers:
      Content-Type:
      - text/xml
      Cache-Control:
      - no-cache
      Connection:
      - close
      Content-Length:
      - '187'
    body:
      encoding: UTF-8
      string: |
        <package name="bar_package" project="home:Iggy:openSUSE:open-build-service:PR-1">
          <title>An Instant In The Wind</title>
          <description>Fuga nemo ea voluptatum.</description>
        </package>
  recorded_at: Thu, 23 Sep 2021 13:04:18 GMT
- request:
    method: get
    uri: http://backend:5352/source/home:Iggy:openSUSE:open-build-service:PR-1/bar_package
    body:
      encoding: US-ASCII
      string: ''
    headers:
      Accept-Encoding:
      - gzip;q=1.0,deflate;q=0.6,identity;q=0.3
      Accept:
      - "*/*"
      User-Agent:
      - Ruby
  response:
    status:
      code: 200
      message: OK
    headers:
      Content-Type:
      - text/xml
      Cache-Control:
      - no-cache
      Connection:
      - close
      Content-Length:
      - '725'
    body:
      encoding: UTF-8
      string: |
        <directory name="bar_package" rev="117" vrev="117" srcmd5="fa2b54e5912a724fa979053d80511260">
          <linkinfo project="foo_project" package="bar_package" srcmd5="751200fcf98389a7ad75091e82840bbe" baserev="751200fcf98389a7ad75091e82840bbe" xsrcmd5="e53dacccea129a58ee50d0506fb8c6a2" lsrcmd5="fa2b54e5912a724fa979053d80511260"/>
          <entry name="_branch_request" md5="aea524cf047993d430e69b477e07f3df" size="114" mtime="1632402122"/>
          <entry name="_config" md5="0ec7a23ed09980ae2c41688bd95c78be" size="61" mtime="1632402255"/>
          <entry name="_link" md5="e1504461ac1e05b4e19a53e5f195ac49" size="119" mtime="1632402258"/>
          <entry name="somefile.txt" md5="dc2e6fa3d009569df56e56d27f8921d2" size="62" mtime="1632402256"/>
        </directory>
  recorded_at: Thu, 23 Sep 2021 13:04:18 GMT
- request:
    method: get
    uri: http://backend:5352/source/home:Iggy:openSUSE:open-build-service:PR-1/bar_package?view=info
    body:
      encoding: US-ASCII
      string: ''
    headers:
      Accept-Encoding:
      - gzip;q=1.0,deflate;q=0.6,identity;q=0.3
      Accept:
      - "*/*"
      User-Agent:
      - Ruby
  response:
    status:
      code: 200
      message: OK
    headers:
      Content-Type:
      - text/xml
      Cache-Control:
      - no-cache
      Connection:
      - close
      Content-Length:
      - '332'
    body:
      encoding: UTF-8
      string: |
        <sourceinfo package="bar_package" rev="117" vrev="265" srcmd5="e53dacccea129a58ee50d0506fb8c6a2" lsrcmd5="fa2b54e5912a724fa979053d80511260" verifymd5="751200fcf98389a7ad75091e82840bbe">
          <error>bad build configuration, no build type defined or detected</error>
          <linked project="foo_project" package="bar_package"/>
        </sourceinfo>
  recorded_at: Thu, 23 Sep 2021 13:04:18 GMT
- request:
    method: get
    uri: http://backend:5352/source/home:Iggy:openSUSE:open-build-service:PR-1/bar_package
    body:
      encoding: US-ASCII
      string: ''
    headers:
      Accept-Encoding:
      - gzip;q=1.0,deflate;q=0.6,identity;q=0.3
      Accept:
      - "*/*"
      User-Agent:
      - Ruby
  response:
    status:
      code: 200
      message: OK
    headers:
      Content-Type:
      - text/xml
      Cache-Control:
      - no-cache
      Connection:
      - close
      Content-Length:
      - '725'
    body:
      encoding: UTF-8
      string: |
        <directory name="bar_package" rev="117" vrev="117" srcmd5="fa2b54e5912a724fa979053d80511260">
          <linkinfo project="foo_project" package="bar_package" srcmd5="751200fcf98389a7ad75091e82840bbe" baserev="751200fcf98389a7ad75091e82840bbe" xsrcmd5="e53dacccea129a58ee50d0506fb8c6a2" lsrcmd5="fa2b54e5912a724fa979053d80511260"/>
          <entry name="_branch_request" md5="aea524cf047993d430e69b477e07f3df" size="114" mtime="1632402122"/>
          <entry name="_config" md5="0ec7a23ed09980ae2c41688bd95c78be" size="61" mtime="1632402255"/>
          <entry name="_link" md5="e1504461ac1e05b4e19a53e5f195ac49" size="119" mtime="1632402258"/>
          <entry name="somefile.txt" md5="dc2e6fa3d009569df56e56d27f8921d2" size="62" mtime="1632402256"/>
        </directory>
  recorded_at: Thu, 23 Sep 2021 13:04:18 GMT
- request:
    method: post
    uri: http://backend:5352/source/home:Iggy:openSUSE:open-build-service:PR-1/bar_package?cmd=diff&linkrev=base&onlyissues=1&orev=0&view=xml
    body:
      encoding: UTF-8
      string: ''
    headers:
      Content-Type:
      - application/octet-stream
      Accept-Encoding:
      - gzip;q=1.0,deflate;q=0.6,identity;q=0.3
      Accept:
      - "*/*"
      User-Agent:
      - Ruby
  response:
    status:
      code: 200
      message: OK
    headers:
      Content-Type:
      - text/xml
      Cache-Control:
      - no-cache
      Connection:
      - close
      Content-Length:
      - '370'
    body:
      encoding: UTF-8
      string: |
        <sourcediff key="f70b25ec5a62b69c90efd237e478fcf4">
          <old project="home:Iggy:openSUSE:open-build-service:PR-1" package="bar_package" rev="0" srcmd5="d41d8cd98f00b204e9800998ecf8427e"/>
          <new project="home:Iggy:openSUSE:open-build-service:PR-1" package="bar_package" rev="117" srcmd5="fa2b54e5912a724fa979053d80511260"/>
          <files/>
          <issues>
          </issues>
        </sourcediff>
  recorded_at: Thu, 23 Sep 2021 13:04:18 GMT
- request:
    method: post
    uri: http://backend:5352/source/home:Iggy:openSUSE:open-build-service:PR-1/bar_package?cmd=linkdiff&linkrev=base&onlyissues=1&view=xml
    body:
      encoding: UTF-8
      string: ''
    headers:
      Content-Type:
      - application/octet-stream
      Accept-Encoding:
      - gzip;q=1.0,deflate;q=0.6,identity;q=0.3
      Accept:
      - "*/*"
      User-Agent:
      - Ruby
  response:
    status:
      code: 200
      message: OK
    headers:
      Content-Type:
      - text/xml
      Cache-Control:
      - no-cache
      Connection:
      - close
      Content-Length:
      - '376'
    body:
      encoding: UTF-8
      string: |
        <sourcediff key="7ca54906cc92069858be0489aa79f58d">
          <old project="foo_project" package="bar_package" rev="751200fcf98389a7ad75091e82840bbe" srcmd5="751200fcf98389a7ad75091e82840bbe"/>
          <new project="home:Iggy:openSUSE:open-build-service:PR-1" package="bar_package" rev="e53dacccea129a58ee50d0506fb8c6a2" srcmd5="e53dacccea129a58ee50d0506fb8c6a2"/>
          <files/>
        </sourcediff>
  recorded_at: Thu, 23 Sep 2021 13:04:18 GMT
- request:
    method: put
    uri: http://backend:5352/source/home:Iggy:openSUSE:open-build-service:PR-1/_meta?user=Iggy
    body:
      encoding: UTF-8
      string: |
        <project name="home:Iggy:openSUSE:open-build-service:PR-1">
          <title>Branch project for package bar_package</title>
          <description>This project was created for package bar_package via attribute OBS:Maintained</description>
          <person userid="Iggy" role="maintainer"/>
          <publish>
            <disable/>
          </publish>
          <repository name="openSUSE_Tumbleweed">
            <path project="foo_project" repository="openSUSE_Tumbleweed"/>
            <arch>x86_64</arch>
          </repository>
          <repository name="Unicorn_123">
            <path project="foo_project" repository="Unicorn_123"/>
            <arch>x86_64</arch>
            <arch>i586</arch>
            <arch>ppc</arch>
            <arch>aarch64</arch>
          </repository>
        </project>
    headers:
      Accept-Encoding:
      - gzip;q=1.0,deflate;q=0.6,identity;q=0.3
      Accept:
      - "*/*"
      User-Agent:
      - Ruby
  response:
    status:
      code: 200
      message: OK
    headers:
      Content-Type:
      - text/xml
      Cache-Control:
      - no-cache
      Connection:
      - close
      Content-Length:
      - '668'
    body:
      encoding: UTF-8
      string: |
        <project name="home:Iggy:openSUSE:open-build-service:PR-1">
          <title>Branch project for package bar_package</title>
          <description>This project was created for package bar_package via attribute OBS:Maintained</description>
          <person userid="Iggy" role="maintainer"/>
          <publish>
            <disable/>
          </publish>
          <repository name="openSUSE_Tumbleweed">
            <path project="foo_project" repository="openSUSE_Tumbleweed"/>
            <arch>x86_64</arch>
          </repository>
          <repository name="Unicorn_123">
            <path project="foo_project" repository="Unicorn_123"/>
            <arch>x86_64</arch>
            <arch>i586</arch>
            <arch>ppc</arch>
            <arch>aarch64</arch>
          </repository>
        </project>
  recorded_at: Thu, 23 Sep 2021 13:04:19 GMT
- request:
    method: put
    uri: http://backend:5352/source/home:Iggy:openSUSE:open-build-service:PR-1/bar_package/_branch_request?user=Iggy
    body:
      encoding: UTF-8
      string: '{"action":"opened","pull_request":{"head":{"repo":{"full_name":"reponame"},"sha":"123"}}}'
    headers:
      Accept-Encoding:
      - gzip;q=1.0,deflate;q=0.6,identity;q=0.3
      Accept:
      - "*/*"
      User-Agent:
      - Ruby
  response:
    status:
      code: 200
      message: OK
    headers:
      Content-Type:
      - text/xml
      Cache-Control:
      - no-cache
      Connection:
      - close
      Content-Length:
      - '208'
    body:
      encoding: UTF-8
      string: |
        <revision rev="118" vrev="118">
          <srcmd5>25bd8696f1b89198c2cd9063c9e7b31c</srcmd5>
          <version>unknown</version>
          <time>1632402259</time>
          <user>Iggy</user>
          <comment></comment>
          <requestid/>
        </revision>
  recorded_at: Thu, 23 Sep 2021 13:04:19 GMT
- request:
    method: put
    uri: http://backend:5352/source/home:Iggy:openSUSE:open-build-service:PR-1/bar_package/_meta?user=Iggy
    body:
      encoding: UTF-8
      string: |
        <package name="bar_package" project="home:Iggy:openSUSE:open-build-service:PR-1">
          <title>An Instant In The Wind</title>
          <description>Fuga nemo ea voluptatum.</description>
        </package>
    headers:
      Accept-Encoding:
      - gzip;q=1.0,deflate;q=0.6,identity;q=0.3
      Accept:
      - "*/*"
      User-Agent:
      - Ruby
  response:
    status:
      code: 200
      message: OK
    headers:
      Content-Type:
      - text/xml
      Cache-Control:
      - no-cache
      Connection:
      - close
      Content-Length:
      - '187'
    body:
      encoding: UTF-8
      string: |
        <package name="bar_package" project="home:Iggy:openSUSE:open-build-service:PR-1">
          <title>An Instant In The Wind</title>
          <description>Fuga nemo ea voluptatum.</description>
        </package>
  recorded_at: Thu, 23 Sep 2021 13:04:19 GMT
- request:
    method: get
    uri: http://backend:5352/source/home:Iggy:openSUSE:open-build-service:PR-1/bar_package
    body:
      encoding: US-ASCII
      string: ''
    headers:
      Accept-Encoding:
      - gzip;q=1.0,deflate;q=0.6,identity;q=0.3
      Accept:
      - "*/*"
      User-Agent:
      - Ruby
  response:
    status:
      code: 200
      message: OK
    headers:
      Content-Type:
      - text/xml
      Cache-Control:
      - no-cache
      Connection:
      - close
      Content-Length:
      - '756'
    body:
      encoding: UTF-8
      string: |
        <directory name="bar_package" rev="118" vrev="118" srcmd5="25bd8696f1b89198c2cd9063c9e7b31c">
          <linkinfo project="foo_project" package="bar_package" srcmd5="751200fcf98389a7ad75091e82840bbe" baserev="751200fcf98389a7ad75091e82840bbe" xsrcmd5="4a6cbe67d63822528b2d3b69819295bf" lsrcmd5="25bd8696f1b89198c2cd9063c9e7b31c"/>
          <serviceinfo code="running"/>
          <entry name="_branch_request" md5="4becc0c108a703b38c26920c45965516" size="89" mtime="1632402029"/>
          <entry name="_config" md5="0ec7a23ed09980ae2c41688bd95c78be" size="61" mtime="1632402255"/>
          <entry name="_link" md5="e1504461ac1e05b4e19a53e5f195ac49" size="119" mtime="1632402258"/>
          <entry name="somefile.txt" md5="dc2e6fa3d009569df56e56d27f8921d2" size="62" mtime="1632402256"/>
        </directory>
  recorded_at: Thu, 23 Sep 2021 13:04:20 GMT
- request:
    method: get
    uri: http://backend:5352/source/home:Iggy:openSUSE:open-build-service:PR-1/bar_package?view=info
    body:
      encoding: US-ASCII
      string: ''
    headers:
      Accept-Encoding:
      - gzip;q=1.0,deflate;q=0.6,identity;q=0.3
      Accept:
      - "*/*"
      User-Agent:
      - Ruby
  response:
    status:
      code: 200
      message: OK
    headers:
      Content-Type:
      - text/xml
      Cache-Control:
      - no-cache
      Connection:
      - close
      Content-Length:
      - '149'
    body:
      encoding: UTF-8
      string: |
        <sourceinfo package="bar_package" rev="118" vrev="118" srcmd5="25bd8696f1b89198c2cd9063c9e7b31c">
          <error>service in progress</error>
        </sourceinfo>
  recorded_at: Thu, 23 Sep 2021 13:04:20 GMT
- request:
    method: get
    uri: http://backend:5352/source/home:Iggy:openSUSE:open-build-service:PR-1/bar_package
    body:
      encoding: US-ASCII
      string: ''
    headers:
      Accept-Encoding:
      - gzip;q=1.0,deflate;q=0.6,identity;q=0.3
      Accept:
      - "*/*"
      User-Agent:
      - Ruby
  response:
    status:
      code: 200
      message: OK
    headers:
      Content-Type:
      - text/xml
      Cache-Control:
      - no-cache
      Connection:
      - close
      Content-Length:
      - '756'
    body:
      encoding: UTF-8
      string: |
        <directory name="bar_package" rev="118" vrev="118" srcmd5="25bd8696f1b89198c2cd9063c9e7b31c">
          <linkinfo project="foo_project" package="bar_package" srcmd5="751200fcf98389a7ad75091e82840bbe" baserev="751200fcf98389a7ad75091e82840bbe" xsrcmd5="4a6cbe67d63822528b2d3b69819295bf" lsrcmd5="25bd8696f1b89198c2cd9063c9e7b31c"/>
          <serviceinfo code="running"/>
          <entry name="_branch_request" md5="4becc0c108a703b38c26920c45965516" size="89" mtime="1632402029"/>
          <entry name="_config" md5="0ec7a23ed09980ae2c41688bd95c78be" size="61" mtime="1632402255"/>
          <entry name="_link" md5="e1504461ac1e05b4e19a53e5f195ac49" size="119" mtime="1632402258"/>
          <entry name="somefile.txt" md5="dc2e6fa3d009569df56e56d27f8921d2" size="62" mtime="1632402256"/>
        </directory>
  recorded_at: Thu, 23 Sep 2021 13:04:20 GMT
- request:
    method: post
    uri: http://backend:5352/source/home:Iggy:openSUSE:open-build-service:PR-1/bar_package?cmd=diff&linkrev=base&onlyissues=1&orev=0&view=xml
    body:
      encoding: UTF-8
      string: ''
    headers:
      Content-Type:
      - application/octet-stream
      Accept-Encoding:
      - gzip;q=1.0,deflate;q=0.6,identity;q=0.3
      Accept:
      - "*/*"
      User-Agent:
      - Ruby
  response:
    status:
      code: 200
      message: OK
    headers:
      Content-Type:
      - text/xml
      Cache-Control:
      - no-cache
      Connection:
      - close
      Content-Length:
      - '370'
    body:
      encoding: UTF-8
      string: |
        <sourcediff key="f3c212de7b4f91be59c72e59adad230a">
          <old project="home:Iggy:openSUSE:open-build-service:PR-1" package="bar_package" rev="0" srcmd5="d41d8cd98f00b204e9800998ecf8427e"/>
          <new project="home:Iggy:openSUSE:open-build-service:PR-1" package="bar_package" rev="118" srcmd5="25bd8696f1b89198c2cd9063c9e7b31c"/>
          <files/>
          <issues>
          </issues>
        </sourcediff>
  recorded_at: Thu, 23 Sep 2021 13:04:20 GMT
- request:
    method: post
    uri: http://backend:5352/source/home:Iggy:openSUSE:open-build-service:PR-1/bar_package?cmd=linkdiff&linkrev=base&onlyissues=1&view=xml
    body:
      encoding: UTF-8
      string: ''
    headers:
      Content-Type:
      - application/octet-stream
      Accept-Encoding:
      - gzip;q=1.0,deflate;q=0.6,identity;q=0.3
      Accept:
      - "*/*"
      User-Agent:
      - Ruby
  response:
    status:
      code: 200
      message: OK
    headers:
      Content-Type:
      - text/xml
      Cache-Control:
      - no-cache
      Connection:
      - close
      Content-Length:
      - '399'
    body:
      encoding: UTF-8
      string: |
        <sourcediff key="ab1e5cf53cd068e1a04c4ec4c22d685a">
          <old project="foo_project" package="bar_package" rev="751200fcf98389a7ad75091e82840bbe" srcmd5="751200fcf98389a7ad75091e82840bbe"/>
          <new project="home:Iggy:openSUSE:open-build-service:PR-1" package="bar_package" rev="9a61fa7d7295fd07b2a4a3fdad5d8d8c" srcmd5="9a61fa7d7295fd07b2a4a3fdad5d8d8c"/>
          <files/>
          <issues>
          </issues>
        </sourcediff>
  recorded_at: Thu, 23 Sep 2021 13:04:20 GMT
recorded_with: VCR 6.0.0
