---
http_interactions:
- request:
    method: put
    uri: http://backend:5352/source/home:kugelblitz/_meta?user=kugelblitz
    body:
      encoding: UTF-8
      string: |
        <project name="home:kugelblitz">
          <title/>
          <description/>
          <person userid="kugelblitz" role="maintainer"/>
        </project>
    headers:
      Accept-Encoding:
      - gzip;q=1.0,deflate;q=0.6,identity;q=0.3
      Accept:
      - "*/*"
      User-Agent:
      - Ruby
  response:
    status:
      code: 200
      message: OK
    headers:
      Content-Type:
      - text/xml
      Cache-Control:
      - no-cache
      Connection:
      - close
      Content-Length:
      - '143'
    body:
      encoding: UTF-8
      string: |
        <project name="home:kugelblitz">
          <title></title>
          <description></description>
          <person userid="kugelblitz" role="maintainer" />
        </project>
  recorded_at: Mon, 16 Apr 2018 11:54:56 GMT
- request:
    method: put
    uri: http://backend:5352/source/home:titan/_meta?user=titan
    body:
      encoding: UTF-8
      string: |
        <project name="home:titan">
          <title/>
          <description/>
          <person userid="titan" role="maintainer"/>
        </project>
    headers:
      Accept-Encoding:
      - gzip;q=1.0,deflate;q=0.6,identity;q=0.3
      Accept:
      - "*/*"
      User-Agent:
      - Ruby
  response:
    status:
      code: 200
      message: OK
    headers:
      Content-Type:
      - text/xml
      Cache-Control:
      - no-cache
      Connection:
      - close
      Content-Length:
      - '133'
    body:
      encoding: UTF-8
      string: |
        <project name="home:titan">
          <title></title>
          <description></description>
          <person userid="titan" role="maintainer" />
        </project>
  recorded_at: Mon, 16 Apr 2018 11:54:56 GMT
- request:
    method: put
    uri: http://backend:5352/source/home:titan/goal/_meta?user=_nobody_
    body:
      encoding: UTF-8
      string: |
        <package name="goal" project="home:titan">
          <title>Brandy of the Damned</title>
          <description>Corporis voluptatem cum perferendis.</description>
        </package>
    headers:
      Accept-Encoding:
      - gzip;q=1.0,deflate;q=0.6,identity;q=0.3
      Accept:
      - "*/*"
      User-Agent:
      - Ruby
  response:
    status:
      code: 200
      message: OK
    headers:
      Content-Type:
      - text/xml
      Cache-Control:
      - no-cache
      Connection:
      - close
      Content-Length:
      - '158'
    body:
      encoding: UTF-8
      string: |
        <package name="goal" project="home:titan">
          <title>Brandy of the Damned</title>
          <description>Corporis voluptatem cum perferendis.</description>
        </package>
  recorded_at: Mon, 16 Apr 2018 11:54:56 GMT
- request:
    method: put
    uri: http://backend:5352/source/home:titan/goal/_meta
    body:
      encoding: UTF-8
      string: |
        <package name="goal" project="home:titan">
          <title>Brandy of the Damned</title>
          <description>Corporis voluptatem cum perferendis.</description>
        </package>
    headers:
      Accept-Encoding:
      - gzip;q=1.0,deflate;q=0.6,identity;q=0.3
      Accept:
      - "*/*"
      User-Agent:
      - Ruby
  response:
    status:
      code: 200
      message: OK
    headers:
      Content-Type:
      - text/xml
      Cache-Control:
      - no-cache
      Connection:
      - close
      Content-Length:
      - '158'
    body:
      encoding: UTF-8
      string: |
        <package name="goal" project="home:titan">
          <title>Brandy of the Damned</title>
          <description>Corporis voluptatem cum perferendis.</description>
        </package>
  recorded_at: Mon, 16 Apr 2018 11:54:56 GMT
- request:
    method: put
    uri: http://backend:5352/source/home:titan/goal/_config
    body:
      encoding: UTF-8
      string: Consequatur aspernatur porro. Soluta blanditiis illum. Earum voluptatem
        sed eos quia. Temporibus magnam in minima rem at ipsa.
    headers:
      Accept-Encoding:
      - gzip;q=1.0,deflate;q=0.6,identity;q=0.3
      Accept:
      - "*/*"
      User-Agent:
      - Ruby
  response:
    status:
      code: 200
      message: OK
    headers:
      Content-Type:
      - text/xml
      Cache-Control:
      - no-cache
      Connection:
      - close
      Content-Length:
      - '209'
    body:
      encoding: UTF-8
      string: |
        <revision rev="85" vrev="85">
          <srcmd5>66536cf3c2bd4cdfe5dd993722f14e23</srcmd5>
          <version>unknown</version>
          <time>1523879696</time>
          <user>unknown</user>
          <comment></comment>
          <requestid/>
        </revision>
  recorded_at: Mon, 16 Apr 2018 11:54:56 GMT
- request:
    method: put
    uri: http://backend:5352/source/home:titan/goal/somefile.txt
    body:
      encoding: UTF-8
      string: Et deserunt ea labore veniam. Temporibus alias quam ad quis. Sequi est
        est. Incidunt iste eaque doloribus voluptatem repellendus odit qui. Quia omnis
        a tenetur aut sed error.
    headers:
      Accept-Encoding:
      - gzip;q=1.0,deflate;q=0.6,identity;q=0.3
      Accept:
      - "*/*"
      User-Agent:
      - Ruby
  response:
    status:
      code: 200
      message: OK
    headers:
      Content-Type:
      - text/xml
      Cache-Control:
      - no-cache
      Connection:
      - close
      Content-Length:
      - '209'
    body:
      encoding: UTF-8
      string: |
        <revision rev="86" vrev="86">
          <srcmd5>6e2e5e0edf271c6ebc2ba445551bab00</srcmd5>
          <version>unknown</version>
          <time>1523879696</time>
          <user>unknown</user>
          <comment></comment>
          <requestid/>
        </revision>
  recorded_at: Mon, 16 Apr 2018 11:54:56 GMT
- request:
    method: put
    uri: http://backend:5352/source/home:kugelblitz/ball/_meta?user=_nobody_
    body:
      encoding: UTF-8
      string: |
        <package name="ball" project="home:kugelblitz">
          <title>The Yellow Meads of Asphodel</title>
          <description>Qui fugit eum eum.</description>
        </package>
    headers:
      Accept-Encoding:
      - gzip;q=1.0,deflate;q=0.6,identity;q=0.3
      Accept:
      - "*/*"
      User-Agent:
      - Ruby
  response:
    status:
      code: 200
      message: OK
    headers:
      Content-Type:
      - text/xml
      Cache-Control:
      - no-cache
      Connection:
      - close
      Content-Length:
      - '153'
    body:
      encoding: UTF-8
      string: |
        <package name="ball" project="home:kugelblitz">
          <title>The Yellow Meads of Asphodel</title>
          <description>Qui fugit eum eum.</description>
        </package>
  recorded_at: Mon, 16 Apr 2018 11:54:56 GMT
- request:
    method: put
    uri: http://backend:5352/source/home:kugelblitz/ball/_meta
    body:
      encoding: UTF-8
      string: |
        <package name="ball" project="home:kugelblitz">
          <title>The Yellow Meads of Asphodel</title>
          <description>Qui fugit eum eum.</description>
        </package>
    headers:
      Accept-Encoding:
      - gzip;q=1.0,deflate;q=0.6,identity;q=0.3
      Accept:
      - "*/*"
      User-Agent:
      - Ruby
  response:
    status:
      code: 200
      message: OK
    headers:
      Content-Type:
      - text/xml
      Cache-Control:
      - no-cache
      Connection:
      - close
      Content-Length:
      - '153'
    body:
      encoding: UTF-8
      string: |
        <package name="ball" project="home:kugelblitz">
          <title>The Yellow Meads of Asphodel</title>
          <description>Qui fugit eum eum.</description>
        </package>
  recorded_at: Mon, 16 Apr 2018 11:54:56 GMT
- request:
    method: put
    uri: http://backend:5352/source/devel:project/_meta
    body:
      encoding: UTF-8
      string: |
        <project name="devel:project">
          <title>Lilies of the Field</title>
          <description/>
        </project>
    headers:
      Accept-Encoding:
      - gzip;q=1.0,deflate;q=0.6,identity;q=0.3
      Accept:
      - "*/*"
      User-Agent:
      - Ruby
  response:
    status:
      code: 200
      message: OK
    headers:
      Content-Type:
      - text/xml
      Cache-Control:
      - no-cache
      Connection:
      - close
      Content-Length:
      - '109'
    body:
      encoding: UTF-8
      string: |
        <project name="devel:project">
          <title>Lilies of the Field</title>
          <description></description>
        </project>
  recorded_at: Mon, 16 Apr 2018 11:54:56 GMT
- request:
    method: put
    uri: http://backend:5352/source/devel:project/_config
    body:
      encoding: UTF-8
      string: Sunt enim voluptatum laborum libero nam et ex. Et hic laboriosam quia
        eius dolorem. Debitis et dolorem qui aperiam cumque quo.
    headers:
      Accept-Encoding:
      - gzip;q=1.0,deflate;q=0.6,identity;q=0.3
      Accept:
      - "*/*"
      User-Agent:
      - Ruby
  response:
    status:
      code: 200
      message: OK
    headers:
      Content-Type:
      - text/xml
      Cache-Control:
      - no-cache
      Connection:
      - close
      Content-Length:
      - '21'
    body:
      encoding: UTF-8
      string: '<status code="ok" />

'
  recorded_at: Mon, 16 Apr 2018 11:54:56 GMT
- request:
    method: put
    uri: http://backend:5352/source/devel:project/goal/_meta?user=titan
    body:
      encoding: UTF-8
      string: |
        <package name="goal" project="devel:project">
          <title>The Millstone</title>
          <description>Fugiat tempora commodi unde porro dolor dicta soluta ut.</description>
        </package>
    headers:
      Accept-Encoding:
      - gzip;q=1.0,deflate;q=0.6,identity;q=0.3
      Accept:
      - "*/*"
      User-Agent:
      - Ruby
  response:
    status:
      code: 200
      message: OK
    headers:
      Content-Type:
      - text/xml
      Cache-Control:
      - no-cache
      Connection:
      - close
      Content-Length:
      - '174'
    body:
      encoding: UTF-8
      string: |
        <package name="goal" project="devel:project">
          <title>The Millstone</title>
          <description>Fugiat tempora commodi unde porro dolor dicta soluta ut.</description>
        </package>
  recorded_at: Mon, 16 Apr 2018 11:54:57 GMT
- request:
    method: put
    uri: http://backend:5352/source/devel:project/goal/_meta
    body:
      encoding: UTF-8
      string: |
        <package name="goal" project="devel:project">
          <title>The Millstone</title>
          <description>Fugiat tempora commodi unde porro dolor dicta soluta ut.</description>
        </package>
    headers:
      Accept-Encoding:
      - gzip;q=1.0,deflate;q=0.6,identity;q=0.3
      Accept:
      - "*/*"
      User-Agent:
      - Ruby
  response:
    status:
      code: 200
      message: OK
    headers:
      Content-Type:
      - text/xml
      Cache-Control:
      - no-cache
      Connection:
      - close
      Content-Length:
      - '174'
    body:
      encoding: UTF-8
      string: |
        <package name="goal" project="devel:project">
          <title>The Millstone</title>
          <description>Fugiat tempora commodi unde porro dolor dicta soluta ut.</description>
        </package>
  recorded_at: Mon, 16 Apr 2018 11:54:57 GMT
- request:
    method: put
    uri: http://backend:5352/source/devel:project/goal/_config
    body:
      encoding: UTF-8
      string: Nesciunt sed ad nihil corrupti aliquam tempora ipsum. Laudantium possimus
        pariatur dolor porro. Dolore iste in qui deleniti aperiam quam.
    headers:
      Accept-Encoding:
      - gzip;q=1.0,deflate;q=0.6,identity;q=0.3
      Accept:
      - "*/*"
      User-Agent:
      - Ruby
  response:
    status:
      code: 200
      message: OK
    headers:
      Content-Type:
      - text/xml
      Cache-Control:
      - no-cache
      Connection:
      - close
      Content-Length:
      - '207'
    body:
      encoding: UTF-8
      string: |
        <revision rev="3" vrev="3">
          <srcmd5>8aebb723589b857631d5a178fa529288</srcmd5>
          <version>unknown</version>
          <time>1523879697</time>
          <user>unknown</user>
          <comment></comment>
          <requestid/>
        </revision>
  recorded_at: Mon, 16 Apr 2018 11:54:57 GMT
- request:
    method: put
    uri: http://backend:5352/source/devel:project/goal/somefile.txt
    body:
      encoding: UTF-8
      string: Et deserunt ea labore veniam. Temporibus alias quam ad quis. Sequi est
        est. Incidunt iste eaque doloribus voluptatem repellendus odit qui. Quia omnis
        a tenetur aut sed error.
    headers:
      Accept-Encoding:
      - gzip;q=1.0,deflate;q=0.6,identity;q=0.3
      Accept:
      - "*/*"
      User-Agent:
      - Ruby
  response:
    status:
      code: 200
      message: OK
    headers:
      Content-Type:
      - text/xml
      Cache-Control:
      - no-cache
      Connection:
      - close
      Content-Length:
      - '207'
    body:
      encoding: UTF-8
      string: |
        <revision rev="4" vrev="4">
          <srcmd5>355c5972b1fa3288b7983310a6f4c330</srcmd5>
          <version>unknown</version>
          <time>1523879697</time>
          <user>unknown</user>
          <comment></comment>
          <requestid/>
        </revision>
  recorded_at: Mon, 16 Apr 2018 11:54:57 GMT
- request:
    method: get
    uri: http://backend:5352/source/home:kugelblitz/ball?expand=1
    body:
      encoding: US-ASCII
      string: ''
    headers:
      Accept-Encoding:
      - gzip;q=1.0,deflate;q=0.6,identity;q=0.3
      Accept:
      - "*/*"
      User-Agent:
      - Ruby
  response:
    status:
      code: 200
      message: OK
    headers:
      Content-Type:
      - text/xml
      Cache-Control:
      - no-cache
      Connection:
      - close
      Content-Length:
      - '79'
    body:
      encoding: UTF-8
      string: |
        <directory name="ball" srcmd5="d41d8cd98f00b204e9800998ecf8427e">
        </directory>
  recorded_at: Mon, 16 Apr 2018 11:54:57 GMT
- request:
    method: get
    uri: http://backend:5352/source/home:kugelblitz/ball?expand=1
    body:
      encoding: US-ASCII
      string: ''
    headers:
      Accept-Encoding:
      - gzip;q=1.0,deflate;q=0.6,identity;q=0.3
      Accept:
      - "*/*"
      User-Agent:
      - Ruby
  response:
    status:
      code: 200
      message: OK
    headers:
      Content-Type:
      - text/xml
      Cache-Control:
      - no-cache
      Connection:
      - close
      Content-Length:
      - '79'
    body:
      encoding: UTF-8
      string: |
        <directory name="ball" srcmd5="d41d8cd98f00b204e9800998ecf8427e">
        </directory>
  recorded_at: Mon, 16 Apr 2018 11:54:57 GMT
- request:
    method: post
    uri: http://backend:5352/source/home:titan/goal?cmd=copy&comment=Please%20take%20this&expand=1&keeplink=1&noservice=1&opackage=ball&oproject=home:kugelblitz&requestid=1&user=titan&withacceptinfo=1
    body:
      encoding: UTF-8
      string: ''
    headers:
      Content-Type:
      - application/octet-stream
      Accept-Encoding:
      - gzip;q=1.0,deflate;q=0.6,identity;q=0.3
      Accept:
      - "*/*"
      User-Agent:
      - Ruby
  response:
    status:
      code: 200
      message: OK
    headers:
      Content-Type:
      - text/xml
      Cache-Control:
      - no-cache
      Connection:
      - close
      Content-Length:
      - '346'
    body:
      encoding: UTF-8
      string: |
        <revision rev="87" vrev="87">
          <srcmd5>d41d8cd98f00b204e9800998ecf8427e</srcmd5>
          <version>unknown</version>
          <time>1523879697</time>
          <user>titan</user>
          <comment>Please take this</comment>
          <requestid>1</requestid>
          <acceptinfo rev="87" srcmd5="d41d8cd98f00b204e9800998ecf8427e" osrcmd5="6e2e5e0edf271c6ebc2ba445551bab00" />
        </revision>
  recorded_at: Mon, 16 Apr 2018 11:54:57 GMT
- request:
    method: put
    uri: http://backend:5352/source/home:titan/goal/_meta?user=titan
    body:
      encoding: UTF-8
      string: |
        <package name="goal" project="home:titan">
          <title>Brandy of the Damned</title>
          <description>Corporis voluptatem cum perferendis.</description>
        </package>
    headers:
      Accept-Encoding:
      - gzip;q=1.0,deflate;q=0.6,identity;q=0.3
      Accept:
      - "*/*"
      User-Agent:
      - Ruby
  response:
    status:
      code: 200
      message: OK
    headers:
      Content-Type:
      - text/xml
      Cache-Control:
      - no-cache
      Connection:
      - close
      Content-Length:
      - '158'
    body:
      encoding: UTF-8
      string: |
        <package name="goal" project="home:titan">
          <title>Brandy of the Damned</title>
          <description>Corporis voluptatem cum perferendis.</description>
        </package>
  recorded_at: Mon, 16 Apr 2018 11:54:57 GMT
- request:
    method: get
    uri: http://backend:5352/source/home:titan/goal
    body:
      encoding: US-ASCII
      string: ''
    headers:
      Accept-Encoding:
      - gzip;q=1.0,deflate;q=0.6,identity;q=0.3
      Accept:
      - "*/*"
      User-Agent:
      - Ruby
  response:
    status:
      code: 200
      message: OK
    headers:
      Content-Type:
      - text/xml
      Cache-Control:
      - no-cache
      Connection:
      - close
      Content-Length:
      - '98'
    body:
      encoding: UTF-8
      string: |
        <directory name="goal" rev="87" vrev="87" srcmd5="d41d8cd98f00b204e9800998ecf8427e">
        </directory>
  recorded_at: Mon, 16 Apr 2018 11:54:57 GMT
- request:
    method: get
    uri: http://backend:5352/source/home:titan/goal?view=info
    body:
      encoding: US-ASCII
      string: ''
    headers:
      Accept-Encoding:
      - gzip;q=1.0,deflate;q=0.6,identity;q=0.3
      Accept:
      - "*/*"
      User-Agent:
      - Ruby
  response:
    status:
      code: 200
      message: OK
    headers:
      Content-Type:
      - text/xml
      Cache-Control:
      - no-cache
      Connection:
      - close
      Content-Length:
      - '139'
    body:
      encoding: UTF-8
      string: |
        <sourceinfo package="goal" rev="87" vrev="87" srcmd5="d41d8cd98f00b204e9800998ecf8427e">
          <error>no source uploaded</error>
        </sourceinfo>
  recorded_at: Mon, 16 Apr 2018 11:54:57 GMT
- request:
    method: get
    uri: http://backend:5352/source/home:titan/goal
    body:
      encoding: US-ASCII
      string: ''
    headers:
      Accept-Encoding:
      - gzip;q=1.0,deflate;q=0.6,identity;q=0.3
      Accept:
      - "*/*"
      User-Agent:
      - Ruby
  response:
    status:
      code: 200
      message: OK
    headers:
      Content-Type:
      - text/xml
      Cache-Control:
      - no-cache
      Connection:
      - close
      Content-Length:
      - '98'
    body:
      encoding: UTF-8
      string: |
        <directory name="goal" rev="87" vrev="87" srcmd5="d41d8cd98f00b204e9800998ecf8427e">
        </directory>
  recorded_at: Mon, 16 Apr 2018 11:54:57 GMT
- request:
    method: post
    uri: http://backend:5352/source/home:titan/goal?cmd=diff&linkrev=base&onlyissues=1&orev=0&view=xml
    body:
      encoding: UTF-8
      string: ''
    headers:
      Content-Type:
      - application/octet-stream
      Accept-Encoding:
      - gzip;q=1.0,deflate;q=0.6,identity;q=0.3
      Accept:
      - "*/*"
      User-Agent:
      - Ruby
  response:
    status:
      code: 200
      message: OK
    headers:
      Content-Type:
      - text/xml
      Cache-Control:
      - no-cache
      Connection:
      - close
      Content-Length:
      - '271'
    body:
      encoding: UTF-8
      string: |
        <sourcediff key="d061b27b283bc6ecdaf5d234626a56c1">
          <old project="home:titan" package="goal" rev="0" srcmd5="d41d8cd98f00b204e9800998ecf8427e" />
          <new project="home:titan" package="goal" rev="87" srcmd5="d41d8cd98f00b204e9800998ecf8427e" />
          <files />
        </sourcediff>
  recorded_at: Mon, 16 Apr 2018 11:54:57 GMT
- request:
    method: get
    uri: http://backend:5352/source/home:titan/goal
    body:
      encoding: US-ASCII
      string: ''
    headers:
      Accept-Encoding:
      - gzip;q=1.0,deflate;q=0.6,identity;q=0.3
      Accept:
      - "*/*"
      User-Agent:
      - Ruby
  response:
    status:
      code: 200
      message: OK
    headers:
      Content-Type:
      - text/xml
      Cache-Control:
      - no-cache
      Connection:
      - close
      Content-Length:
      - '98'
    body:
      encoding: UTF-8
      string: |
        <directory name="goal" rev="87" vrev="87" srcmd5="d41d8cd98f00b204e9800998ecf8427e">
        </directory>
  recorded_at: Mon, 16 Apr 2018 11:54:57 GMT
- request:
    method: get
    uri: http://backend:5352/source/home:titan/goal
    body:
      encoding: US-ASCII
      string: ''
    headers:
      Accept-Encoding:
      - gzip;q=1.0,deflate;q=0.6,identity;q=0.3
      Accept:
      - "*/*"
      User-Agent:
      - Ruby
  response:
    status:
      code: 200
      message: OK
    headers:
      Content-Type:
      - text/xml
      Cache-Control:
      - no-cache
      Connection:
      - close
      Content-Length:
      - '98'
    body:
      encoding: UTF-8
      string: |
        <directory name="goal" rev="87" vrev="87" srcmd5="d41d8cd98f00b204e9800998ecf8427e">
        </directory>
  recorded_at: Mon, 16 Apr 2018 11:54:57 GMT
- request:
    method: post
    uri: http://backend:5352/source/home:titan/goal?cmd=diff&expand=1&nodiff=1&opackage=goal&oproject=devel:project&rev=87
    body:
      encoding: UTF-8
      string: ''
    headers:
      Content-Type:
      - application/octet-stream
      Accept-Encoding:
      - gzip;q=1.0,deflate;q=0.6,identity;q=0.3
      Accept:
      - "*/*"
      User-Agent:
      - Ruby
  response:
    status:
      code: 200
      message: OK
    headers:
      Content-Type:
      - text/plain
      Cache-Control:
      - no-cache
      Connection:
      - close
      Content-Length:
      - '119'
    body:
      encoding: UTF-8
      string: |2

        old:
        ----
          _config
          somefile.txt

        other changes:
        --------------

        ++++++ deleted files:
        --- _config
        --- somefile.txt
  recorded_at: Mon, 16 Apr 2018 11:54:57 GMT
- request:
    method: get
    uri: http://backend:5352/source/home:titan/goal?expand=1&rev=87
    body:
      encoding: US-ASCII
      string: ''
    headers:
      Accept-Encoding:
      - gzip;q=1.0,deflate;q=0.6,identity;q=0.3
      Accept:
      - "*/*"
      User-Agent:
      - Ruby
  response:
    status:
      code: 200
      message: OK
    headers:
      Content-Type:
      - text/xml
      Cache-Control:
      - no-cache
      Connection:
      - close
      Content-Length:
      - '98'
    body:
      encoding: UTF-8
      string: |
        <directory name="goal" rev="87" vrev="87" srcmd5="d41d8cd98f00b204e9800998ecf8427e">
        </directory>
  recorded_at: Mon, 16 Apr 2018 11:54:57 GMT
- request:
    method: put
    uri: http://backend:5352/source/home:kugelblitz/ball/_meta?user=titan
    body:
      encoding: UTF-8
      string: |
        <package name="ball" project="home:kugelblitz">
          <title>Fear and Trembling</title>
          <description>Ea eaque impedit totam.</description>
        </package>
    headers:
      Accept-Encoding:
      - gzip;q=1.0,deflate;q=0.6,identity;q=0.3
      Accept:
      - "*/*"
      User-Agent:
      - Ruby
  response:
    status:
      code: 200
      message: OK
    headers:
      Content-Type:
      - text/xml
      Cache-Control:
      - no-cache
      Connection:
      - close
      Content-Length:
      - '148'
    body:
      encoding: UTF-8
      string: |
        <package name="ball" project="home:kugelblitz">
          <title>Fear and Trembling</title>
          <description>Ea eaque impedit totam.</description>
        </package>
  recorded_at: Fri, 24 Feb 2023 16:20:31 GMT
- request:
    method: put
    uri: http://backend:5352/source/home:kugelblitz/_project/_attribute?meta=1&user=titan
    body:
      encoding: UTF-8
      string: |
        <attributes>
          <attribute name="ApprovedRequestSource" namespace="OBS"/>
        </attributes>
    headers:
      Accept-Encoding:
      - gzip;q=1.0,deflate;q=0.6,identity;q=0.3
      Accept:
      - "*/*"
      User-Agent:
      - Ruby
  response:
    status:
      code: 200
      message: OK
    headers:
      Content-Type:
      - text/xml
      Cache-Control:
      - no-cache
      Connection:
      - close
      Content-Length:
      - '168'
    body:
      encoding: UTF-8
      string: |
        <revision rev="85">
          <srcmd5>ba07d19211c6e0e3642204f301d98ba2</srcmd5>
          <time>1677255631</time>
          <user>titan</user>
          <comment></comment>
          <requestid/>
        </revision>
  recorded_at: Fri, 24 Feb 2023 16:20:31 GMT
- request:
    method: get
    uri: http://backend:5352/source/home:kugelblitz/ball
    body:
      encoding: US-ASCII
      string: ''
    headers:
      Accept-Encoding:
      - gzip;q=1.0,deflate;q=0.6,identity;q=0.3
      Accept:
      - "*/*"
      User-Agent:
      - Ruby
  response:
    status:
      code: 200
      message: OK
    headers:
      Content-Type:
      - text/xml
      Cache-Control:
      - no-cache
      Connection:
      - close
      Content-Length:
      - '79'
    body:
      encoding: UTF-8
      string: |
        <directory name="ball" srcmd5="d41d8cd98f00b204e9800998ecf8427e">
        </directory>
  recorded_at: Fri, 24 Feb 2023 16:20:31 GMT
- request:
    method: post
    uri: http://backend:5352/source/home:kugelblitz/ball?cmd=diff&expand=1&filelimit=10000&opackage=goal&oproject=home:titan&tarlimit=10000&view=xml&withissues=1
    body:
      encoding: UTF-8
      string: ''
    headers:
      Content-Type:
      - application/octet-stream
      Accept-Encoding:
      - gzip;q=1.0,deflate;q=0.6,identity;q=0.3
      Accept:
      - "*/*"
      User-Agent:
      - Ruby
  response:
    status:
      code: 200
      message: OK
    headers:
      Content-Type:
      - text/xml
      Content-Length:
      - '831'
      Cache-Control:
      - no-cache
      Connection:
      - close
    body:
      encoding: UTF-8
      string: |
        <sourcediff key="ececa0ca68b7db0b15a539287e4a37b5">
          <old project="home:titan" package="goal" rev="74" srcmd5="625bf53368b5c50dd857ec6442af5b26"/>
          <new project="home:kugelblitz" package="ball" rev="0" srcmd5="d41d8cd98f00b204e9800998ecf8427e"/>
          <files>
            <file state="deleted">
              <old name="_config" md5="ec9a1d5fad5a369fed8f82d8b61b1457" size="67"/>
              <diff lines="3">@@ -1,1 +0,0 @@
        -Fugit aut sequi. Dolore aliquid tempore. Repellendus facilis animi.
        \ No newline at end of file
        </diff>
            </file>
            <file state="deleted">
              <old name="somefile.txt" md5="bc68021d324103be857b33d42184daff" size="69"/>
              <diff lines="3">@@ -1,1 +0,0 @@
        -Molestiae quia consequuntur. In quisquam ipsam. Consequuntur sed est.
        \ No newline at end of file
        </diff>
            </file>
          </files>
          <issues>
          </issues>
        </sourcediff>
  recorded_at: Fri, 24 Feb 2023 16:20:31 GMT
- request:
    method: put
    uri: http://backend:5352/source/devel:project/_meta?user=titan
    body:
      encoding: UTF-8
      string: |
        <project name="devel:project">
          <title>Infinite Jest</title>
          <description/>
        </project>
    headers:
      Accept-Encoding:
      - gzip;q=1.0,deflate;q=0.6,identity;q=0.3
      Accept:
      - "*/*"
      User-Agent:
      - Ruby
  response:
    status:
      code: 200
      message: OK
    headers:
      Content-Type:
      - text/xml
      Cache-Control:
      - no-cache
      Connection:
      - close
      Content-Length:
      - '103'
    body:
      encoding: UTF-8
      string: |
        <project name="devel:project">
          <title>Infinite Jest</title>
          <description></description>
        </project>
  recorded_at: Fri, 24 Feb 2023 16:20:31 GMT
- request:
    method: put
    uri: http://backend:5352/source/home:titan/goal/_meta?user=titan
    body:
      encoding: UTF-8
      string: |
        <package name="goal" project="home:titan">
          <title>The Skull Beneath the Skin</title>
          <description>Neque rerum odit et.</description>
        </package>
    headers:
      Accept-Encoding:
      - gzip;q=1.0,deflate;q=0.6,identity;q=0.3
      Accept:
      - "*/*"
      User-Agent:
      - Ruby
  response:
    status:
      code: 200
      message: OK
    headers:
      Content-Type:
      - text/xml
      Cache-Control:
      - no-cache
      Connection:
      - close
      Content-Length:
      - '148'
    body:
      encoding: UTF-8
      string: |
        <package name="goal" project="home:titan">
          <title>The Skull Beneath the Skin</title>
          <description>Neque rerum odit et.</description>
        </package>
  recorded_at: Fri, 24 Feb 2023 16:20:32 GMT
- request:
    method: get
    uri: http://backend:5352/source/home:titan/goal
    body:
      encoding: US-ASCII
      string: ''
    headers:
      Accept-Encoding:
      - gzip;q=1.0,deflate;q=0.6,identity;q=0.3
      Accept:
      - "*/*"
      User-Agent:
      - Ruby
  response:
    status:
      code: 200
      message: OK
    headers:
      Content-Type:
      - text/xml
      Cache-Control:
      - no-cache
      Connection:
      - close
      Content-Length:
      - '291'
    body:
      encoding: UTF-8
      string: |
        <directory name="goal" rev="74" vrev="74" srcmd5="625bf53368b5c50dd857ec6442af5b26">
          <entry name="_config" md5="ec9a1d5fad5a369fed8f82d8b61b1457" size="67" mtime="1677255629"/>
          <entry name="somefile.txt" md5="bc68021d324103be857b33d42184daff" size="69" mtime="1677255630"/>
        </directory>
  recorded_at: Fri, 24 Feb 2023 16:20:32 GMT
- request:
    method: post
    uri: http://backend:5352/source/home:titan/goal?cmd=diff&expand=1&filelimit=10000&opackage=goal&oproject=devel:project&rev=87&tarlimit=10000&view=xml&withissues=1
    body:
      encoding: UTF-8
      string: ''
    headers:
      Content-Type:
      - application/octet-stream
      Accept-Encoding:
      - gzip;q=1.0,deflate;q=0.6,identity;q=0.3
      Accept:
      - "*/*"
      User-Agent:
      - Ruby
  response:
    status:
      code: 404
      message: no such revision
    headers:
      Content-Type:
      - text/xml
      Cache-Control:
      - no-cache
      Connection:
      - close
      Content-Length:
      - '110'
    body:
      encoding: UTF-8
      string: |
        <status code="404">
          <summary>no such revision</summary>
          <details>404 no such revision</details>
        </status>
  recorded_at: Fri, 24 Feb 2023 16:20:32 GMT
recorded_with: VCR 6.1.0
