---
http_interactions:
- request:
    method: put
    uri: http://backend:5352/source/home:titan/_meta?user=titan
    body:
      encoding: UTF-8
      string: |
        <project name="home:titan">
          <title/>
          <description/>
          <person userid="titan" role="maintainer"/>
        </project>
    headers:
      Accept-Encoding:
      - gzip;q=1.0,deflate;q=0.6,identity;q=0.3
      Accept:
      - "*/*"
      User-Agent:
      - Ruby
  response:
    status:
      code: 200
      message: OK
    headers:
      Content-Type:
      - text/xml
      Cache-Control:
      - no-cache
      Connection:
      - close
      Content-Length:
      - '132'
    body:
      encoding: UTF-8
      string: |
        <project name="home:titan">
          <title></title>
          <description></description>
          <person userid="titan" role="maintainer"/>
        </project>
  recorded_at: Fri, 24 Feb 2023 16:16:51 GMT
- request:
    method: put
    uri: http://backend:5352/source/home:titan/goal/_meta?user=klasnic
    body:
      encoding: UTF-8
      string: |
        <package name="goal" project="home:titan">
          <title>The Violent Bear It Away</title>
          <description>Magni optio nostrum libero.</description>
        </package>
    headers:
      Accept-Encoding:
      - gzip;q=1.0,deflate;q=0.6,identity;q=0.3
      Accept:
      - "*/*"
      User-Agent:
      - Ruby
  response:
    status:
      code: 200
      message: OK
    headers:
      Content-Type:
      - text/xml
      Cache-Control:
      - no-cache
      Connection:
      - close
      Content-Length:
      - '153'
    body:
      encoding: UTF-8
      string: |
        <package name="goal" project="home:titan">
          <title>The Violent Bear It Away</title>
          <description>Magni optio nostrum libero.</description>
        </package>
  recorded_at: Fri, 24 Feb 2023 16:16:51 GMT
- request:
    method: put
    uri: http://backend:5352/source/home:titan/goal/_config
    body:
      encoding: UTF-8
      string: Harum ipsum aut. Placeat aut ut. Et aut quod.
    headers:
      Accept-Encoding:
      - gzip;q=1.0,deflate;q=0.6,identity;q=0.3
      Accept:
      - "*/*"
      User-Agent:
      - Ruby
  response:
    status:
      code: 200
      message: OK
    headers:
      Content-Type:
      - text/xml
      Cache-Control:
      - no-cache
      Connection:
      - close
      Content-Length:
      - '209'
    body:
      encoding: UTF-8
      string: |
        <revision rev="43" vrev="43">
          <srcmd5>f3f1fa5c56907f605d70c220c9dc5ed2</srcmd5>
          <version>unknown</version>
          <time>1677255411</time>
          <user>unknown</user>
          <comment></comment>
          <requestid/>
        </revision>
  recorded_at: Fri, 24 Feb 2023 16:16:51 GMT
- request:
    method: put
    uri: http://backend:5352/source/home:titan/goal/somefile.txt
    body:
      encoding: UTF-8
      string: Eveniet pariatur est. Quae eum aliquam. Et adipisci harum.
    headers:
      Accept-Encoding:
      - gzip;q=1.0,deflate;q=0.6,identity;q=0.3
      Accept:
      - "*/*"
      User-Agent:
      - Ruby
  response:
    status:
      code: 200
      message: OK
    headers:
      Content-Type:
      - text/xml
      Cache-Control:
      - no-cache
      Connection:
      - close
      Content-Length:
      - '209'
    body:
      encoding: UTF-8
      string: |
        <revision rev="44" vrev="44">
          <srcmd5>dc0a539c97073f4664e28f238d11203a</srcmd5>
          <version>unknown</version>
          <time>1677255411</time>
          <user>unknown</user>
          <comment></comment>
          <requestid/>
        </revision>
  recorded_at: Fri, 24 Feb 2023 16:16:51 GMT
- request:
    method: put
    uri: http://backend:5352/source/home:kugelblitz/_meta?user=kugelblitz
    body:
      encoding: UTF-8
      string: |
        <project name="home:kugelblitz">
          <title/>
          <description/>
          <person userid="kugelblitz" role="maintainer"/>
        </project>
    headers:
      Accept-Encoding:
      - gzip;q=1.0,deflate;q=0.6,identity;q=0.3
      Accept:
      - "*/*"
      User-Agent:
      - Ruby
  response:
    status:
      code: 200
      message: OK
    headers:
      Content-Type:
      - text/xml
      Cache-Control:
      - no-cache
      Connection:
      - close
      Content-Length:
      - '142'
    body:
      encoding: UTF-8
      string: |
        <project name="home:kugelblitz">
          <title></title>
          <description></description>
          <person userid="kugelblitz" role="maintainer"/>
        </project>
  recorded_at: Fri, 24 Feb 2023 16:16:51 GMT
- request:
    method: put
    uri: http://backend:5352/source/home:kugelblitz/ball/_meta?user=klasnic
    body:
      encoding: UTF-8
      string: |
        <package name="ball" project="home:kugelblitz">
          <title>Consider Phlebas</title>
          <description>Ea sint blanditiis natus.</description>
        </package>
    headers:
      Accept-Encoding:
      - gzip;q=1.0,deflate;q=0.6,identity;q=0.3
      Accept:
      - "*/*"
      User-Agent:
      - Ruby
  response:
    status:
      code: 200
      message: OK
    headers:
      Content-Type:
      - text/xml
      Cache-Control:
      - no-cache
      Connection:
      - close
      Content-Length:
      - '148'
    body:
      encoding: UTF-8
      string: |
        <package name="ball" project="home:kugelblitz">
          <title>Consider Phlebas</title>
          <description>Ea sint blanditiis natus.</description>
        </package>
  recorded_at: Fri, 24 Feb 2023 16:16:52 GMT
- request:
    method: put
    uri: http://backend:5352/source/home:kugelblitz/_project/_attribute?meta=1&user=klasnic
    body:
      encoding: UTF-8
      string: |
        <attributes>
          <attribute name="ApprovedRequestSource" namespace="OBS"/>
        </attributes>
    headers:
      Accept-Encoding:
      - gzip;q=1.0,deflate;q=0.6,identity;q=0.3
      Accept:
      - "*/*"
      User-Agent:
      - Ruby
  response:
    status:
      code: 200
      message: OK
    headers:
      Content-Type:
      - text/xml
      Cache-Control:
      - no-cache
      Connection:
      - close
      Content-Length:
      - '170'
    body:
      encoding: UTF-8
      string: |
        <revision rev="51">
          <srcmd5>ba07d19211c6e0e3642204f301d98ba2</srcmd5>
          <time>1677255412</time>
          <user>klasnic</user>
          <comment></comment>
          <requestid/>
        </revision>
  recorded_at: Fri, 24 Feb 2023 16:16:52 GMT
- request:
    method: get
    uri: http://backend:5352/source/home:kugelblitz/ball
    body:
      encoding: US-ASCII
      string: ''
    headers:
      Accept-Encoding:
      - gzip;q=1.0,deflate;q=0.6,identity;q=0.3
      Accept:
      - "*/*"
      User-Agent:
      - Ruby
  response:
    status:
      code: 200
      message: OK
    headers:
      Content-Type:
      - text/xml
      Cache-Control:
      - no-cache
      Connection:
      - close
      Content-Length:
      - '79'
    body:
      encoding: UTF-8
      string: |
        <directory name="ball" srcmd5="d41d8cd98f00b204e9800998ecf8427e">
        </directory>
  recorded_at: Fri, 24 Feb 2023 16:16:52 GMT
- request:
    method: post
    uri: http://backend:5352/source/home:kugelblitz/ball?cmd=diff&expand=1&filelimit=10000&opackage=goal&oproject=home:titan&tarlimit=10000&view=xml&withissues=1
    body:
      encoding: UTF-8
      string: ''
    headers:
      Content-Type:
      - application/octet-stream
      Accept-Encoding:
      - gzip;q=1.0,deflate;q=0.6,identity;q=0.3
      Accept:
      - "*/*"
      User-Agent:
      - Ruby
  response:
    status:
      code: 200
      message: OK
    headers:
      Content-Type:
      - text/xml
      Cache-Control:
      - no-cache
      Connection:
      - close
      Content-Length:
      - '798'
    body:
      encoding: UTF-8
      string: |
        <sourcediff key="fae1a9c783b1b57b78687869238cf0e5">
          <old project="home:titan" package="goal" rev="44" srcmd5="dc0a539c97073f4664e28f238d11203a"/>
          <new project="home:kugelblitz" package="ball" rev="0" srcmd5="d41d8cd98f00b204e9800998ecf8427e"/>
          <files>
            <file state="deleted">
              <old name="_config" md5="a2e575bc01a0d548308bf3032814cc2c" size="45"/>
              <diff lines="3">@@ -1,1 +0,0 @@
        -Harum ipsum aut. Placeat aut ut. Et aut quod.
        \ No newline at end of file
        </diff>
            </file>
            <file state="deleted">
              <old name="somefile.txt" md5="ff6d106f2a5fbddc41d0c74884da3535" size="58"/>
              <diff lines="3">@@ -1,1 +0,0 @@
        -Eveniet pariatur est. Quae eum aliquam. Et adipisci harum.
        \ No newline at end of file
        </diff>
            </file>
          </files>
          <issues>
          </issues>
        </sourcediff>
  recorded_at: Fri, 24 Feb 2023 16:16:52 GMT
recorded_with: VCR 6.1.0
